Archive member included to satisfy reference by file (symbol)

/opt/ST/STM32CubeCLT_1.19.0/GNU-tools-for-STM32/bin/../lib/gcc/arm-none-eabi/13.3.1/thumb/v7e-m+fp/hard/libgcc.a(_aeabi_uldivmod.o)
                              cmake/stm32cubemx/CMakeFiles/STM32_Drivers.dir/__/__/Drivers/STM32G4xx_HAL_Driver/Src/stm32g4xx_hal_uart.c.obj (__aeabi_uldivmod)
/opt/ST/STM32CubeCLT_1.19.0/GNU-tools-for-STM32/bin/../lib/gcc/arm-none-eabi/13.3.1/thumb/v7e-m+fp/hard/libgcc.a(_udivmoddi4.o)
                              /opt/ST/STM32CubeCLT_1.19.0/GNU-tools-for-STM32/bin/../lib/gcc/arm-none-eabi/13.3.1/thumb/v7e-m+fp/hard/libgcc.a(_aeabi_uldivmod.o) (__udivmoddi4)
/opt/ST/STM32CubeCLT_1.19.0/GNU-tools-for-STM32/bin/../lib/gcc/arm-none-eabi/13.3.1/thumb/v7e-m+fp/hard/libgcc.a(_dvmd_tls.o)
                              /opt/ST/STM32CubeCLT_1.19.0/GNU-tools-for-STM32/bin/../lib/gcc/arm-none-eabi/13.3.1/thumb/v7e-m+fp/hard/libgcc.a(_aeabi_uldivmod.o) (__aeabi_ldiv0)
/opt/ST/STM32CubeCLT_1.19.0/GNU-tools-for-STM32/bin/../lib/gcc/arm-none-eabi/13.3.1/../../../../arm-none-eabi/lib/thumb/v7e-m+fp/hard/libg_nano.a(libc_a-exit.o)
                              /opt/ST/STM32CubeCLT_1.19.0/GNU-tools-for-STM32/bin/../lib/gcc/arm-none-eabi/13.3.1/../../../../arm-none-eabi/lib/thumb/v7e-m+fp/hard/crt0.o (exit)
/opt/ST/STM32CubeCLT_1.19.0/GNU-tools-for-STM32/bin/../lib/gcc/arm-none-eabi/13.3.1/../../../../arm-none-eabi/lib/thumb/v7e-m+fp/hard/libg_nano.a(libc_a-findfp.o)
                              /opt/ST/STM32CubeCLT_1.19.0/GNU-tools-for-STM32/bin/../lib/gcc/arm-none-eabi/13.3.1/../../../../arm-none-eabi/lib/thumb/v7e-m+fp/hard/libg_nano.a(libc_a-exit.o) (__stdio_exit_handler)
/opt/ST/STM32CubeCLT_1.19.0/GNU-tools-for-STM32/bin/../lib/gcc/arm-none-eabi/13.3.1/../../../../arm-none-eabi/lib/thumb/v7e-m+fp/hard/libg_nano.a(libc_a-fwalk.o)
                              /opt/ST/STM32CubeCLT_1.19.0/GNU-tools-for-STM32/bin/../lib/gcc/arm-none-eabi/13.3.1/../../../../arm-none-eabi/lib/thumb/v7e-m+fp/hard/libg_nano.a(libc_a-findfp.o) (_fwalk_sglue)
/opt/ST/STM32CubeCLT_1.19.0/GNU-tools-for-STM32/bin/../lib/gcc/arm-none-eabi/13.3.1/../../../../arm-none-eabi/lib/thumb/v7e-m+fp/hard/libg_nano.a(libc_a-printf.o)
                              CMakeFiles/RadioBoard.dir/Core/Src/main.c.obj (printf)
/opt/ST/STM32CubeCLT_1.19.0/GNU-tools-for-STM32/bin/../lib/gcc/arm-none-eabi/13.3.1/../../../../arm-none-eabi/lib/thumb/v7e-m+fp/hard/libg_nano.a(libc_a-memset.o)
                              /opt/ST/STM32CubeCLT_1.19.0/GNU-tools-for-STM32/bin/../lib/gcc/arm-none-eabi/13.3.1/../../../../arm-none-eabi/lib/thumb/v7e-m+fp/hard/crt0.o (memset)
/opt/ST/STM32CubeCLT_1.19.0/GNU-tools-for-STM32/bin/../lib/gcc/arm-none-eabi/13.3.1/../../../../arm-none-eabi/lib/thumb/v7e-m+fp/hard/libg_nano.a(libc_a-errno.o)
                              CMakeFiles/RadioBoard.dir/Core/Src/sysmem.c.obj (__errno)
/opt/ST/STM32CubeCLT_1.19.0/GNU-tools-for-STM32/bin/../lib/gcc/arm-none-eabi/13.3.1/../../../../arm-none-eabi/lib/thumb/v7e-m+fp/hard/libg_nano.a(libc_a-init.o)
                              /opt/ST/STM32CubeCLT_1.19.0/GNU-tools-for-STM32/bin/../lib/gcc/arm-none-eabi/13.3.1/../../../../arm-none-eabi/lib/thumb/v7e-m+fp/hard/crt0.o (__libc_init_array)
/opt/ST/STM32CubeCLT_1.19.0/GNU-tools-for-STM32/bin/../lib/gcc/arm-none-eabi/13.3.1/../../../../arm-none-eabi/lib/thumb/v7e-m+fp/hard/libg_nano.a(libc_a-lock.o)
                              /opt/ST/STM32CubeCLT_1.19.0/GNU-tools-for-STM32/bin/../lib/gcc/arm-none-eabi/13.3.1/../../../../arm-none-eabi/lib/thumb/v7e-m+fp/hard/libg_nano.a(libc_a-findfp.o) (__retarget_lock_init_recursive)
/opt/ST/STM32CubeCLT_1.19.0/GNU-tools-for-STM32/bin/../lib/gcc/arm-none-eabi/13.3.1/../../../../arm-none-eabi/lib/thumb/v7e-m+fp/hard/libg_nano.a(libc_a-impure.o)
                              /opt/ST/STM32CubeCLT_1.19.0/GNU-tools-for-STM32/bin/../lib/gcc/arm-none-eabi/13.3.1/../../../../arm-none-eabi/lib/thumb/v7e-m+fp/hard/libg_nano.a(libc_a-printf.o) (_impure_ptr)
/opt/ST/STM32CubeCLT_1.19.0/GNU-tools-for-STM32/bin/../lib/gcc/arm-none-eabi/13.3.1/../../../../arm-none-eabi/lib/thumb/v7e-m+fp/hard/libg_nano.a(libc_a-memcpy-stub.o)
                              CMakeFiles/RadioBoard.dir/Core/Src/main.c.obj (memcpy)
/opt/ST/STM32CubeCLT_1.19.0/GNU-tools-for-STM32/bin/../lib/gcc/arm-none-eabi/13.3.1/../../../../arm-none-eabi/lib/thumb/v7e-m+fp/hard/libg_nano.a(libc_a-nano-vfprintf.o)
                              /opt/ST/STM32CubeCLT_1.19.0/GNU-tools-for-STM32/bin/../lib/gcc/arm-none-eabi/13.3.1/../../../../arm-none-eabi/lib/thumb/v7e-m+fp/hard/libg_nano.a(libc_a-printf.o) (_vfprintf_r)
/opt/ST/STM32CubeCLT_1.19.0/GNU-tools-for-STM32/bin/../lib/gcc/arm-none-eabi/13.3.1/../../../../arm-none-eabi/lib/thumb/v7e-m+fp/hard/libg_nano.a(libc_a-mallocr.o)
                              /opt/ST/STM32CubeCLT_1.19.0/GNU-tools-for-STM32/bin/../lib/gcc/arm-none-eabi/13.3.1/../../../../arm-none-eabi/lib/thumb/v7e-m+fp/hard/libg_nano.a(libc_a-findfp.o) (_malloc_r)
[...]
Memory Configuration

Name             Origin             Length             Attributes
RAM              0x20000000         0x0001c000         xrw
FLASH            0x08000000         0x00080000         xr
*default*        0x00000000         0xffffffff

Linker script and memory map

LOAD /opt/ST/STM32CubeCLT_1.19.0/GNU-tools-for-STM32/bin/../lib/gcc/arm-none-eabi/13.3.1/thumb/v7e-m+fp/hard/crti.o
LOAD /opt/ST/STM32CubeCLT_1.19.0/GNU-tools-for-STM32/bin/../lib/gcc/arm-none-eabi/13.3.1/thumb/v7e-m+fp/hard/crtbegin.o
LOAD /opt/ST/STM32CubeCLT_1.19.0/GNU-tools-for-STM32/bin/../lib/gcc/arm-none-eabi/13.3.1/../../../../arm-none-eabi/lib/thumb/v7e-m+fp/hard/crt0.o
LOAD cmake/stm32cubemx/CMakeFiles/STM32_Drivers.dir/__/__/Core/Src/system_stm32g4xx.c.obj
LOAD cmake/stm32cubemx/CMakeFiles/STM32_Drivers.dir/__/__/Drivers/STM32G4xx_HAL_Driver/Src/stm32g4xx_hal_pcd.c.obj
LOAD cmake/stm32cubemx/CMakeFiles/STM32_Drivers.dir/__/__/Drivers/STM32G4xx_HAL_Driver/Src/stm32g4xx_hal_pcd_ex.c.obj
LOAD cmake/stm32cubemx/CMakeFiles/STM32_Drivers.dir/__/__/Drivers/STM32G4xx_HAL_Driver/Src/stm32g4xx_ll_usb.c.obj
LOAD cmake/stm32cubemx/CMakeFiles/STM32_Drivers.dir/__/__/Drivers/STM32G4xx_HAL_Driver/Src/stm32g4xx_hal.c.obj
LOAD cmake/stm32cubemx/CMakeFiles/STM32_Drivers.dir/__/__/Drivers/STM32G4xx_HAL_Driver/Src/stm32g4xx_hal_rcc.c.obj
LOAD cmake/stm32cubemx/CMakeFiles/STM32_Drivers.dir/__/__/Drivers/STM32G4xx_HAL_Driver/Src/stm32g4xx_hal_rcc_ex.c.obj
LOAD cmake/stm32cubemx/CMakeFiles/STM32_Drivers.dir/__/__/Drivers/STM32G4xx_HAL_Driver/Src/stm32g4xx_hal_flash.c.obj
LOAD cmake/stm32cubemx/CMakeFiles/STM32_Drivers.dir/__/__/Drivers/STM32G4xx_HAL_Driver/Src/stm32g4xx_hal_flash_ex.c.obj
LOAD cmake/stm32cubemx/CMakeFiles/STM32_Drivers.dir/__/__/Drivers/STM32G4xx_HAL_Driver/Src/stm32g4xx_hal_flash_ramfunc.c.obj
LOAD cmake/stm32cubemx/CMakeFiles/STM32_Drivers.dir/__/__/Drivers/STM32G4xx_HAL_Driver/Src/stm32g4xx_hal_gpio.c.obj
LOAD cmake/stm32cubemx/CMakeFiles/STM32_Drivers.dir/__/__/Drivers/STM32G4xx_HAL_Driver/Src/stm32g4xx_hal_exti.c.obj
LOAD cmake/stm32cubemx/CMakeFiles/STM32_Drivers.dir/__/__/Drivers/STM32G4xx_HAL_Driver/Src/stm32g4xx_hal_dma.c.obj
LOAD cmake/stm32cubemx/CMakeFiles/STM32_Drivers.dir/__/__/Drivers/STM32G4xx_HAL_Driver/Src/stm32g4xx_hal_dma_ex.c.obj
LOAD cmake/stm32cubemx/CMakeFiles/STM32_Drivers.dir/__/__/Drivers/STM32G4xx_HAL_Driver/Src/stm32g4xx_hal_pwr.c.obj
LOAD cmake/stm32cubemx/CMakeFiles/STM32_Drivers.dir/__/__/Drivers/STM32G4xx_HAL_Driver/Src/stm32g4xx_hal_pwr_ex.c.obj
LOAD cmake/stm32cubemx/CMakeFiles/STM32_Drivers.dir/__/__/Drivers/STM32G4xx_HAL_Driver/Src/stm32g4xx_hal_cortex.c.obj
LOAD cmake/stm32cubemx/CMakeFiles/STM32_Drivers.dir/__/__/Drivers/STM32G4xx_HAL_Driver/Src/stm32g4xx_hal_fdcan.c.obj
LOAD cmake/stm32cubemx/CMakeFiles/STM32_Drivers.dir/__/__/Drivers/STM32G4xx_HAL_Driver/Src/stm32g4xx_hal_uart.c.obj
LOAD cmake/stm32cubemx/CMakeFiles/STM32_Drivers.dir/__/__/Drivers/STM32G4xx_HAL_Driver/Src/stm32g4xx_hal_uart_ex.c.obj
LOAD cmake/stm32cubemx/CMakeFiles/USB_Device_Library.dir/__/__/Middlewares/ST/STM32_USB_Device_Library/Core/Src/usbd_core.c.obj
LOAD cmake/stm32cubemx/CMakeFiles/USB_Device_Library.dir/__/__/Middlewares/ST/STM32_USB_Device_Library/Core/Src/usbd_ctlreq.c.obj
LOAD cmake/stm32cubemx/CMakeFiles/USB_Device_Library.dir/__/__/Middlewares/ST/STM32_USB_Device_Library/Core/Src/usbd_ioreq.c.obj
LOAD cmake/stm32cubemx/CMakeFiles/USB_Device_Library.dir/__/__/Middlewares/ST/STM32_USB_Device_Library/Class/CDC/Src/usbd_cdc.c.obj
LOAD CMakeFiles/RadioBoard.dir/USB_Device/Target/usbd_conf.c.obj
LOAD CMakeFiles/RadioBoard.dir/USB_Device/App/usb_device.c.obj
LOAD CMakeFiles/RadioBoard.dir/USB_Device/App/usbd_desc.c.obj
LOAD CMakeFiles/RadioBoard.dir/USB_Device/App/usbd_cdc_if.c.obj
LOAD CMakeFiles/RadioBoard.dir/Core/Src/main.c.obj
LOAD CMakeFiles/RadioBoard.dir/Core/Src/stm32g4xx_it.c.obj
LOAD CMakeFiles/RadioBoard.dir/Core/Src/stm32g4xx_hal_msp.c.obj
LOAD CMakeFiles/RadioBoard.dir/Core/Src/sysmem.c.obj
LOAD CMakeFiles/RadioBoard.dir/Core/Src/syscalls.c.obj
LOAD CMakeFiles/RadioBoard.dir/startup_stm32g491xx.s.obj
LOAD /opt/ST/STM32CubeCLT_1.19.0/GNU-tools-for-STM32/bin/../lib/gcc/arm-none-eabi/13.3.1/../../../../arm-none-eabi/lib/thumb/v7e-m+fp/hard/libm.a
START GROUP
LOAD /opt/ST/STM32CubeCLT_1.19.0/GNU-tools-for-STM32/bin/../lib/gcc/arm-none-eabi/13.3.1/thumb/v7e-m+fp/hard/libgcc.a
LOAD /opt/ST/STM32CubeCLT_1.19.0/GNU-tools-for-STM32/bin/../lib/gcc/arm-none-eabi/13.3.1/../../../../arm-none-eabi/lib/thumb/v7e-m+fp/hard/libg_nano.a
LOAD /opt/ST/STM32CubeCLT_1.19.0/GNU-tools-for-STM32/bin/../lib/gcc/arm-none-eabi/13.3.1/../../../../arm-none-eabi/lib/thumb/v7e-m+fp/hard/libc_nano.a
END GROUP
START GROUP
LOAD /opt/ST/STM32CubeCLT_1.19.0/GNU-tools-for-STM32/bin/../lib/gcc/arm-none-eabi/13.3.1/thumb/v7e-m+fp/hard/libgcc.a
LOAD /opt/ST/STM32CubeCLT_1.19.0/GNU-tools-for-STM32/bin/../lib/gcc/arm-none-eabi/13.3.1/../../../../arm-none-eabi/lib/thumb/v7e-m+fp/hard/libc_nano.a
END GROUP
LOAD /opt/ST/STM32CubeCLT_1.19.0/GNU-tools-for-STM32/bin/../lib/gcc/arm-none-eabi/13.3.1/thumb/v7e-m+fp/hard/crtend.o
LOAD /opt/ST/STM32CubeCLT_1.19.0/GNU-tools-for-STM32/bin/../lib/gcc/arm-none-eabi/13.3.1/thumb/v7e-m+fp/hard/crtn.o
                0x2001c000                        _estack = (ORIGIN (RAM) + LENGTH (RAM))
                0x00000200                        _Min_Heap_Size = 0x200
                0x00000400                        _Min_Stack_Size = 0x400

.isr_vector     0x08000000      0x1d8
                0x08000000                        . = ALIGN (0x4)
 *(.isr_vector)
 .isr_vector    0x08000000      0x1d8 CMakeFiles/RadioBoard.dir/startup_stm32g491xx.s.obj
                0x08000000                g_pfnVectors
                0x080001d8                        . = ALIGN (0x4)

.text           0x080001e0     0xa12c
                0x080001e0                        . = ALIGN (0x4)
 *(.text)
 .text          0x080001e0       0x40 /opt/ST/STM32CubeCLT_1.19.0/GNU-tools-for-STM32/bin/../lib/gcc/arm-none-eabi/13.3.1/thumb/v7e-m+fp/hard/crtbegin.o
 .text          0x08000220       0x30 /opt/ST/STM32CubeCLT_1.19.0/GNU-tools-for-STM32/bin/../lib/gcc/arm-none-eabi/13.3.1/thumb/v7e-m+fp/hard/libgcc.a(_aeabi_uldivmod.o)
                0x08000220                __aeabi_uldivmod
 .text          0x08000250      0x2f8 /opt/ST/STM32CubeCLT_1.19.0/GNU-tools-for-STM32/bin/../lib/gcc/arm-none-eabi/13.3.1/thumb/v7e-m+fp/hard/libgcc.a(_udivmoddi4.o)
                0x08000250                __udivmoddi4
 .text          0x08000548        0x4 /opt/ST/STM32CubeCLT_1.19.0/GNU-tools-for-STM32/bin/../lib/gcc/arm-none-eabi/13.3.1/thumb/v7e-m+fp/hard/libgcc.a(_dvmd_tls.o)
                0x08000548                __aeabi_ldiv0
                0x08000548                __aeabi_idiv0
 *fill*         0x0800054c        0x4 
 .text          0x08000550       0xa0 /opt/ST/STM32CubeCLT_1.19.0/GNU-tools-for-STM32/bin/../lib/gcc/arm-none-eabi/13.3.1/../../../../arm-none-eabi/lib/thumb/v7e-m+fp/hard/libg_nano.a(libc_a-memchr.o)
                0x08000550                memchr
 *(.text*)
 .text.SystemInit
                0x080005f0       0x24 cmake/stm32cubemx/CMakeFiles/STM32_Drivers.dir/__/__/Core/Src/system_stm32g4xx.c.obj
                0x080005f0                SystemInit
 .text.HAL_PCD_Init
                0x08000614      0x19c cmake/stm32cubemx/CMakeFiles/STM32_Drivers.dir/__/__/Drivers/STM32G4xx_HAL_Driver/Src/stm32g4xx_hal_pcd.c.obj
                0x08000614                HAL_PCD_Init
 .text.HAL_PCD_Start
                0x080007b0       0x44 cmake/stm32cubemx/CMakeFiles/STM32_Drivers.dir/__/__/Drivers/STM32G4xx_HAL_Driver/Src/stm32g4xx_hal_pcd.c.obj
                0x080007b0                HAL_PCD_Start
 .text.HAL_PCD_IRQHandler
                0x080007f4      0x24e cmake/stm32cubemx/CMakeFiles/STM32_Drivers.dir/__/__/Drivers/STM32G4xx_HAL_Driver/Src/stm32g4xx_hal_pcd.c.obj
                0x080007f4                HAL_PCD_IRQHandler
 .text.HAL_PCD_SetAddress
                0x08000a42       0x48 cmake/stm32cubemx/CMakeFiles/STM32_Drivers.dir/__/__/Drivers/STM32G4xx_HAL_Driver/Src/stm32g4xx_hal_pcd.c.obj
                0x08000a42                HAL_PCD_SetAddress
 .text.HAL_PCD_EP_Open
                0x08000a8a       0xbe cmake/stm32cubemx/CMakeFiles/STM32_Drivers.dir/__/__/Drivers/STM32G4xx_HAL_Driver/Src/stm32g4xx_hal_pcd.c.obj
                0x08000a8a                HAL_PCD_EP_Open
 .text.HAL_PCD_EP_Close
                0x08000b48       0x90 cmake/stm32cubemx/CMakeFiles/STM32_Drivers.dir/__/__/Drivers/STM32G4xx_HAL_Driver/Src/stm32g4xx_hal_pcd.c.obj
                0x08000b48                HAL_PCD_EP_Close
 .text.HAL_PCD_EP_Receive
                0x08000bd8       0x62 cmake/stm32cubemx/CMakeFiles/STM32_Drivers.dir/__/__/Drivers/STM32G4xx_HAL_Driver/Src/stm32g4xx_hal_pcd.c.obj
                0x08000bd8                HAL_PCD_EP_Receive
 .text.HAL_PCD_EP_GetRxCount
                0x08000c3a       0x30 cmake/stm32cubemx/CMakeFiles/STM32_Drivers.dir/__/__/Drivers/STM32G4xx_HAL_Driver/Src/stm32g4xx_hal_pcd.c.obj
                0x08000c3a                HAL_PCD_EP_GetRxCount
 .text.HAL_PCD_EP_Transmit
                0x08000c6a       0x6e cmake/stm32cubemx/CMakeFiles/STM32_Drivers.dir/__/__/Drivers/STM32G4xx_HAL_Driver/Src/stm32g4xx_hal_pcd.c.obj
                0x08000c6a                HAL_PCD_EP_Transmit
 .text.HAL_PCD_EP_SetStall
                0x08000cd8       0xa4 cmake/stm32cubemx/CMakeFiles/STM32_Drivers.dir/__/__/Drivers/STM32G4xx_HAL_Driver/Src/stm32g4xx_hal_pcd.c.obj
                0x08000cd8                HAL_PCD_EP_SetStall
 .text.HAL_PCD_EP_ClrStall
                0x08000d7c       0xa8 cmake/stm32cubemx/CMakeFiles/STM32_Drivers.dir/__/__/Drivers/STM32G4xx_HAL_Driver/Src/stm32g4xx_hal_pcd.c.obj
                0x08000d7c                HAL_PCD_EP_ClrStall
 .text.PCD_EP_ISR_Handler
                0x08000e24      0x68e cmake/stm32cubemx/CMakeFiles/STM32_Drivers.dir/__/__/Drivers/STM32G4xx_HAL_Driver/Src/stm32g4xx_hal_pcd.c.obj
 .text.HAL_PCD_EP_DB_Receive
                0x080014b2      0x212 cmake/stm32cubemx/CMakeFiles/STM32_Drivers.dir/__/__/Drivers/STM32G4xx_HAL_Driver/Src/stm32g4xx_hal_pcd.c.obj
 .text.HAL_PCD_EP_DB_Transmit
                0x080016c4      0x878 cmake/stm32cubemx/CMakeFiles/STM32_Drivers.dir/__/__/Drivers/STM32G4xx_HAL_Driver/Src/stm32g4xx_hal_pcd.c.obj
 .text.HAL_PCDEx_PMAConfig
                0x08001f3c       0x86 cmake/stm32cubemx/CMakeFiles/STM32_Drivers.dir/__/__/Drivers/STM32G4xx_HAL_Driver/Src/stm32g4xx_hal_pcd_ex.c.obj
                0x08001f3c                HAL_PCDEx_PMAConfig
 .text.HAL_PCDEx_ActivateLPM
                0x08001fc2       0x54 cmake/stm32cubemx/CMakeFiles/STM32_Drivers.dir/__/__/Drivers/STM32G4xx_HAL_Driver/Src/stm32g4xx_hal_pcd_ex.c.obj
                0x08001fc2                HAL_PCDEx_ActivateLPM
 .text.USB_EnableGlobalInt
                0x08002016       0x2e cmake/stm32cubemx/CMakeFiles/STM32_Drivers.dir/__/__/Drivers/STM32G4xx_HAL_Driver/Src/stm32g4xx_ll_usb.c.obj
                0x08002016                USB_EnableGlobalInt
 .text.USB_DisableGlobalInt
                0x08002044       0x36 cmake/stm32cubemx/CMakeFiles/STM32_Drivers.dir/__/__/Drivers/STM32G4xx_HAL_Driver/Src/stm32g4xx_ll_usb.c.obj
                0x08002044                USB_DisableGlobalInt
 .text.USB_DevInit
                0x0800207a       0x3c cmake/stm32cubemx/CMakeFiles/STM32_Drivers.dir/__/__/Drivers/STM32G4xx_HAL_Driver/Src/stm32g4xx_ll_usb.c.obj
                0x0800207a                USB_DevInit
 *fill*         0x080020b6        0x2 
 .text.USB_ActivateEndpoint
                0x080020b8      0x9d0 cmake/stm32cubemx/CMakeFiles/STM32_Drivers.dir/__/__/Drivers/STM32G4xx_HAL_Driver/Src/stm32g4xx_ll_usb.c.obj
                0x080020b8                USB_ActivateEndpoint
 .text.USB_DeactivateEndpoint
                0x08002a88      0x3da cmake/stm32cubemx/CMakeFiles/STM32_Drivers.dir/__/__/Drivers/STM32G4xx_HAL_Driver/Src/stm32g4xx_ll_usb.c.obj
                0x08002a88                USB_DeactivateEndpoint
 .text.USB_EPStartXfer
                0x08002e62      0xb5e cmake/stm32cubemx/CMakeFiles/STM32_Drivers.dir/__/__/Drivers/STM32G4xx_HAL_Driver/Src/stm32g4xx_ll_usb.c.obj
                0x08002e62                USB_EPStartXfer
 .text.USB_EPSetStall
                0x080039c0       0xa2 cmake/stm32cubemx/CMakeFiles/STM32_Drivers.dir/__/__/Drivers/STM32G4xx_HAL_Driver/Src/stm32g4xx_ll_usb.c.obj
                0x080039c0                USB_EPSetStall
 .text.USB_EPClearStall
                0x08003a62      0x152 cmake/stm32cubemx/CMakeFiles/STM32_Drivers.dir/__/__/Drivers/STM32G4xx_HAL_Driver/Src/stm32g4xx_ll_usb.c.obj
                0x08003a62                USB_EPClearStall
 .text.USB_SetDevAddress
                0x08003bb4       0x28 cmake/stm32cubemx/CMakeFiles/STM32_Drivers.dir/__/__/Drivers/STM32G4xx_HAL_Driver/Src/stm32g4xx_ll_usb.c.obj
                0x08003bb4                USB_SetDevAddress
 .text.USB_DevConnect
                0x08003bdc       0x2e cmake/stm32cubemx/CMakeFiles/STM32_Drivers.dir/__/__/Drivers/STM32G4xx_HAL_Driver/Src/stm32g4xx_ll_usb.c.obj
                0x08003bdc                USB_DevConnect
 .text.USB_ReadInterrupts
                0x08003c0a       0x20 cmake/stm32cubemx/CMakeFiles/STM32_Drivers.dir/__/__/Drivers/STM32G4xx_HAL_Driver/Src/stm32g4xx_ll_usb.c.obj
                0x08003c0a                USB_ReadInterrupts
 .text.USB_WritePMA
                0x08003c2a       0x86 cmake/stm32cubemx/CMakeFiles/STM32_Drivers.dir/__/__/Drivers/STM32G4xx_HAL_Driver/Src/stm32g4xx_ll_usb.c.obj
                0x08003c2a                USB_WritePMA
 .text.USB_ReadPMA
                0x08003cb0       0x98 cmake/stm32cubemx/CMakeFiles/STM32_Drivers.dir/__/__/Drivers/STM32G4xx_HAL_Driver/Src/stm32g4xx_ll_usb.c.obj
                0x08003cb0                USB_ReadPMA
 .text.HAL_Init
                0x08003d48       0x30 cmake/stm32cubemx/CMakeFiles/STM32_Drivers.dir/__/__/Drivers/STM32G4xx_HAL_Driver/Src/stm32g4xx_hal.c.obj
                0x08003d48                HAL_Init
 .text.HAL_InitTick
                0x08003d78       0x74 cmake/stm32cubemx/CMakeFiles/STM32_Drivers.dir/__/__/Drivers/STM32G4xx_HAL_Driver/Src/stm32g4xx_hal.c.obj
                0x08003d78                HAL_InitTick
 .text.HAL_IncTick
                0x08003dec       0x24 cmake/stm32cubemx/CMakeFiles/STM32_Drivers.dir/__/__/Drivers/STM32G4xx_HAL_Driver/Src/stm32g4xx_hal.c.obj
                0x08003dec                HAL_IncTick
 .text.HAL_GetTick
                0x08003e10       0x18 cmake/stm32cubemx/CMakeFiles/STM32_Drivers.dir/__/__/Drivers/STM32G4xx_HAL_Driver/Src/stm32g4xx_hal.c.obj
                0x08003e10                HAL_GetTick
 .text.HAL_Delay
                0x08003e28       0x44 cmake/stm32cubemx/CMakeFiles/STM32_Drivers.dir/__/__/Drivers/STM32G4xx_HAL_Driver/Src/stm32g4xx_hal.c.obj
                0x08003e28                HAL_Delay
 .text.HAL_RCC_OscConfig
                0x08003e6c      0x624 cmake/stm32cubemx/CMakeFiles/STM32_Drivers.dir/__/__/Drivers/STM32G4xx_HAL_Driver/Src/stm32g4xx_hal_rcc.c.obj
                0x08003e6c                HAL_RCC_OscConfig
 .text.HAL_RCC_ClockConfig
                0x08004490      0x278 cmake/stm32cubemx/CMakeFiles/STM32_Drivers.dir/__/__/Drivers/STM32G4xx_HAL_Driver/Src/stm32g4xx_hal_rcc.c.obj
                0x08004490                HAL_RCC_ClockConfig
 .text.HAL_RCC_GetSysClockFreq
                0x08004708       0xc4 cmake/stm32cubemx/CMakeFiles/STM32_Drivers.dir/__/__/Drivers/STM32G4xx_HAL_Driver/Src/stm32g4xx_hal_rcc.c.obj
                0x08004708                HAL_RCC_GetSysClockFreq
 .text.HAL_RCC_GetHCLKFreq
                0x080047cc       0x18 cmake/stm32cubemx/CMakeFiles/STM32_Drivers.dir/__/__/Drivers/STM32G4xx_HAL_Driver/Src/stm32g4xx_hal_rcc.c.obj
                0x080047cc                HAL_RCC_GetHCLKFreq
 .text.HAL_RCC_GetPCLK1Freq
                0x080047e4       0x2c cmake/stm32cubemx/CMakeFiles/STM32_Drivers.dir/__/__/Drivers/STM32G4xx_HAL_Driver/Src/stm32g4xx_hal_rcc.c.obj
                0x080047e4                HAL_RCC_GetPCLK1Freq
 .text.HAL_RCC_GetPCLK2Freq
                0x08004810       0x2c cmake/stm32cubemx/CMakeFiles/STM32_Drivers.dir/__/__/Drivers/STM32G4xx_HAL_Driver/Src/stm32g4xx_hal_rcc.c.obj
                0x08004810                HAL_RCC_GetPCLK2Freq
 .text.RCC_GetSysClockFreqFromPLLSource
                0x0800483c       0x8c cmake/stm32cubemx/CMakeFiles/STM32_Drivers.dir/__/__/Drivers/STM32G4xx_HAL_Driver/Src/stm32g4xx_hal_rcc.c.obj
 .text.HAL_RCCEx_PeriphCLKConfig
                0x080048c8      0x478 cmake/stm32cubemx/CMakeFiles/STM32_Drivers.dir/__/__/Drivers/STM32G4xx_HAL_Driver/Src/stm32g4xx_hal_rcc_ex.c.obj
                0x080048c8                HAL_RCCEx_PeriphCLKConfig
 .text.HAL_GPIO_Init
                0x08004d40      0x304 cmake/stm32cubemx/CMakeFiles/STM32_Drivers.dir/__/__/Drivers/STM32G4xx_HAL_Driver/Src/stm32g4xx_hal_gpio.c.obj
                0x08004d40                HAL_GPIO_Init
 .text.HAL_GPIO_WritePin
                0x08005044       0x30 cmake/stm32cubemx/CMakeFiles/STM32_Drivers.dir/__/__/Drivers/STM32G4xx_HAL_Driver/Src/stm32g4xx_hal_gpio.c.obj
                0x08005044                HAL_GPIO_WritePin
 .text.HAL_GPIO_TogglePin
                0x08005074       0x34 cmake/stm32cubemx/CMakeFiles/STM32_Drivers.dir/__/__/Drivers/STM32G4xx_HAL_Driver/Src/stm32g4xx_hal_gpio.c.obj
                0x08005074                HAL_GPIO_TogglePin
 .text.HAL_PWREx_ControlVoltageScaling
                0x080050a8      0x148 cmake/stm32cubemx/CMakeFiles/STM32_Drivers.dir/__/__/Drivers/STM32G4xx_HAL_Driver/Src/stm32g4xx_hal_pwr_ex.c.obj
                0x080050a8                HAL_PWREx_ControlVoltageScaling
 .text.HAL_PWREx_DisableUCPDDeadBattery
                0x080051f0       0x20 cmake/stm32cubemx/CMakeFiles/STM32_Drivers.dir/__/__/Drivers/STM32G4xx_HAL_Driver/Src/stm32g4xx_hal_pwr_ex.c.obj
                0x080051f0                HAL_PWREx_DisableUCPDDeadBattery
 .text.__NVIC_SetPriorityGrouping
                0x08005210       0x48 cmake/stm32cubemx/CMakeFiles/STM32_Drivers.dir/__/__/Drivers/STM32G4xx_HAL_Driver/Src/stm32g4xx_hal_cortex.c.obj
 .text.__NVIC_GetPriorityGrouping
                0x08005258       0x1c cmake/stm32cubemx/CMakeFiles/STM32_Drivers.dir/__/__/Drivers/STM32G4xx_HAL_Driver/Src/stm32g4xx_hal_cortex.c.obj
 .text.__NVIC_EnableIRQ
                0x08005274       0x3c cmake/stm32cubemx/CMakeFiles/STM32_Drivers.dir/__/__/Drivers/STM32G4xx_HAL_Driver/Src/stm32g4xx_hal_cortex.c.obj
 .text.__NVIC_SetPriority
                0x080052b0       0x54 cmake/stm32cubemx/CMakeFiles/STM32_Drivers.dir/__/__/Drivers/STM32G4xx_HAL_Driver/Src/stm32g4xx_hal_cortex.c.obj
 .text.NVIC_EncodePriority
                0x08005304       0x66 cmake/stm32cubemx/CMakeFiles/STM32_Drivers.dir/__/__/Drivers/STM32G4xx_HAL_Driver/Src/stm32g4xx_hal_cortex.c.obj
 *fill*         0x0800536a        0x2 
 .text.SysTick_Config
                0x0800536c       0x44 cmake/stm32cubemx/CMakeFiles/STM32_Drivers.dir/__/__/Drivers/STM32G4xx_HAL_Driver/Src/stm32g4xx_hal_cortex.c.obj
 .text.HAL_NVIC_SetPriorityGrouping
                0x080053b0       0x16 cmake/stm32cubemx/CMakeFiles/STM32_Drivers.dir/__/__/Drivers/STM32G4xx_HAL_Driver/Src/stm32g4xx_hal_cortex.c.obj
                0x080053b0                HAL_NVIC_SetPriorityGrouping
 .text.HAL_NVIC_SetPriority
                0x080053c6       0x34 cmake/stm32cubemx/CMakeFiles/STM32_Drivers.dir/__/__/Drivers/STM32G4xx_HAL_Driver/Src/stm32g4xx_hal_cortex.c.obj
                0x080053c6                HAL_NVIC_SetPriority
 .text.HAL_NVIC_EnableIRQ
                0x080053fa       0x1c cmake/stm32cubemx/CMakeFiles/STM32_Drivers.dir/__/__/Drivers/STM32G4xx_HAL_Driver/Src/stm32g4xx_hal_cortex.c.obj
                0x080053fa                HAL_NVIC_EnableIRQ
 .text.HAL_SYSTICK_Config
                0x08005416       0x18 cmake/stm32cubemx/CMakeFiles/STM32_Drivers.dir/__/__/Drivers/STM32G4xx_HAL_Driver/Src/stm32g4xx_hal_cortex.c.obj
                0x08005416                HAL_SYSTICK_Config
 *fill*         0x0800542e        0x2 
 .text.HAL_FDCAN_Init
                0x08005430      0x2b4 cmake/stm32cubemx/CMakeFiles/STM32_Drivers.dir/__/__/Drivers/STM32G4xx_HAL_Driver/Src/stm32g4xx_hal_fdcan.c.obj
                0x08005430                HAL_FDCAN_Init
 .text.HAL_FDCAN_ConfigFilter
                0x080056e4       0xb4 cmake/stm32cubemx/CMakeFiles/STM32_Drivers.dir/__/__/Drivers/STM32G4xx_HAL_Driver/Src/stm32g4xx_hal_fdcan.c.obj
                0x080056e4                HAL_FDCAN_ConfigFilter
 .text.HAL_FDCAN_Start
                0x08005798       0x50 cmake/stm32cubemx/CMakeFiles/STM32_Drivers.dir/__/__/Drivers/STM32G4xx_HAL_Driver/Src/stm32g4xx_hal_fdcan.c.obj
                0x08005798                HAL_FDCAN_Start
 .text.HAL_FDCAN_GetRxMessage
                0x080057e8      0x210 cmake/stm32cubemx/CMakeFiles/STM32_Drivers.dir/__/__/Drivers/STM32G4xx_HAL_Driver/Src/stm32g4xx_hal_fdcan.c.obj
                0x080057e8                HAL_FDCAN_GetRxMessage
 .text.HAL_FDCAN_GetRxFifoFillLevel
                0x080059f8       0x3c cmake/stm32cubemx/CMakeFiles/STM32_Drivers.dir/__/__/Drivers/STM32G4xx_HAL_Driver/Src/stm32g4xx_hal_fdcan.c.obj
                0x080059f8                HAL_FDCAN_GetRxFifoFillLevel
 .text.FDCAN_CalcultateRamBlockAddresses
                0x08005a34       0xc4 cmake/stm32cubemx/CMakeFiles/STM32_Drivers.dir/__/__/Drivers/STM32G4xx_HAL_Driver/Src/stm32g4xx_hal_fdcan.c.obj
 .text.HAL_UART_Init
                0x08005af8       0xa0 cmake/stm32cubemx/CMakeFiles/STM32_Drivers.dir/__/__/Drivers/STM32G4xx_HAL_Driver/Src/stm32g4xx_hal_uart.c.obj
                0x08005af8                HAL_UART_Init
 .text.HAL_UART_Transmit
                0x08005b98      0x11c cmake/stm32cubemx/CMakeFiles/STM32_Drivers.dir/__/__/Drivers/STM32G4xx_HAL_Driver/Src/stm32g4xx_hal_uart.c.obj
                0x08005b98                HAL_UART_Transmit
 .text.HAL_UART_Receive
                0x08005cb4      0x190 cmake/stm32cubemx/CMakeFiles/STM32_Drivers.dir/__/__/Drivers/STM32G4xx_HAL_Driver/Src/stm32g4xx_hal_uart.c.obj
                0x08005cb4                HAL_UART_Receive
 .text.UART_SetConfig
                0x08005e44      0x5f8 cmake/stm32cubemx/CMakeFiles/STM32_Drivers.dir/__/__/Drivers/STM32G4xx_HAL_Driver/Src/stm32g4xx_hal_uart.c.obj
                0x08005e44                UART_SetConfig
 .text.UART_AdvFeatureConfig
                0x0800643c      0x144 cmake/stm32cubemx/CMakeFiles/STM32_Drivers.dir/__/__/Drivers/STM32G4xx_HAL_Driver/Src/stm32g4xx_hal_uart.c.obj
                0x0800643c                UART_AdvFeatureConfig
 .text.UART_CheckIdleState
                0x08006580      0x154 cmake/stm32cubemx/CMakeFiles/STM32_Drivers.dir/__/__/Drivers/STM32G4xx_HAL_Driver/Src/stm32g4xx_hal_uart.c.obj
                0x08006580                UART_CheckIdleState
 .text.UART_WaitOnFlagUntilTimeout
                0x080066d4       0xda cmake/stm32cubemx/CMakeFiles/STM32_Drivers.dir/__/__/Drivers/STM32G4xx_HAL_Driver/Src/stm32g4xx_hal_uart.c.obj
                0x080066d4                UART_WaitOnFlagUntilTimeout
 .text.UART_EndRxTransfer
                0x080067ae       0xcc cmake/stm32cubemx/CMakeFiles/STM32_Drivers.dir/__/__/Drivers/STM32G4xx_HAL_Driver/Src/stm32g4xx_hal_uart.c.obj
 .text.HAL_UARTEx_DisableFifoMode
                0x0800687a       0x72 cmake/stm32cubemx/CMakeFiles/STM32_Drivers.dir/__/__/Drivers/STM32G4xx_HAL_Driver/Src/stm32g4xx_hal_uart_ex.c.obj
                0x0800687a                HAL_UARTEx_DisableFifoMode
 .text.HAL_UARTEx_SetTxFifoThreshold
                0x080068ec       0x7c cmake/stm32cubemx/CMakeFiles/STM32_Drivers.dir/__/__/Drivers/STM32G4xx_HAL_Driver/Src/stm32g4xx_hal_uart_ex.c.obj
                0x080068ec                HAL_UARTEx_SetTxFifoThreshold
 .text.HAL_UARTEx_SetRxFifoThreshold
                0x08006968       0x7c cmake/stm32cubemx/CMakeFiles/STM32_Drivers.dir/__/__/Drivers/STM32G4xx_HAL_Driver/Src/stm32g4xx_hal_uart_ex.c.obj
                0x08006968                HAL_UARTEx_SetRxFifoThreshold
 .text.UARTEx_SetNbDataToProcess
                0x080069e4       0x9c cmake/stm32cubemx/CMakeFiles/STM32_Drivers.dir/__/__/Drivers/STM32G4xx_HAL_Driver/Src/stm32g4xx_hal_uart_ex.c.obj
 .text.USBD_Init
                0x08006a80       0x60 cmake/stm32cubemx/CMakeFiles/USB_Device_Library.dir/__/__/Middlewares/ST/STM32_USB_Device_Library/Core/Src/usbd_core.c.obj
                0x08006a80                USBD_Init
 .text.USBD_RegisterClass
                0x08006ae0       0x4e cmake/stm32cubemx/CMakeFiles/USB_Device_Library.dir/__/__/Middlewares/ST/STM32_USB_Device_Library/Core/Src/usbd_core.c.obj
                0x08006ae0                USBD_RegisterClass
 .text.USBD_Start
                0x08006b2e       0x18 cmake/stm32cubemx/CMakeFiles/USB_Device_Library.dir/__/__/Middlewares/ST/STM32_USB_Device_Library/Core/Src/usbd_core.c.obj
                0x08006b2e                USBD_Start
 .text.USBD_RunTestMode
                0x08006b46       0x16 cmake/stm32cubemx/CMakeFiles/USB_Device_Library.dir/__/__/Middlewares/ST/STM32_USB_Device_Library/Core/Src/usbd_core.c.obj
                0x08006b46                USBD_RunTestMode
 .text.USBD_SetClassConfig
                0x08006b5c       0x38 cmake/stm32cubemx/CMakeFiles/USB_Device_Library.dir/__/__/Middlewares/ST/STM32_USB_Device_Library/Core/Src/usbd_core.c.obj
                0x08006b5c                USBD_SetClassConfig
 .text.USBD_ClrClassConfig
                0x08006b94       0x30 cmake/stm32cubemx/CMakeFiles/USB_Device_Library.dir/__/__/Middlewares/ST/STM32_USB_Device_Library/Core/Src/usbd_core.c.obj
                0x08006b94                USBD_ClrClassConfig
 .text.USBD_LL_SetupStage
                0x08006bc4       0xaa cmake/stm32cubemx/CMakeFiles/USB_Device_Library.dir/__/__/Middlewares/ST/STM32_USB_Device_Library/Core/Src/usbd_core.c.obj
                0x08006bc4                USBD_LL_SetupStage
 .text.USBD_LL_DataOutStage
                0x08006c6e       0xc6 cmake/stm32cubemx/CMakeFiles/USB_Device_Library.dir/__/__/Middlewares/ST/STM32_USB_Device_Library/Core/Src/usbd_core.c.obj
                0x08006c6e                USBD_LL_DataOutStage
 .text.USBD_LL_DataInStage
                0x08006d34      0x12c cmake/stm32cubemx/CMakeFiles/USB_Device_Library.dir/__/__/Middlewares/ST/STM32_USB_Device_Library/Core/Src/usbd_core.c.obj
                0x08006d34                USBD_LL_DataInStage
 .text.USBD_LL_Reset
                0x08006e60       0x9c cmake/stm32cubemx/CMakeFiles/USB_Device_Library.dir/__/__/Middlewares/ST/STM32_USB_Device_Library/Core/Src/usbd_core.c.obj
                0x08006e60                USBD_LL_Reset
 .text.USBD_LL_SetSpeed
                0x08006efc       0x20 cmake/stm32cubemx/CMakeFiles/USB_Device_Library.dir/__/__/Middlewares/ST/STM32_USB_Device_Library/Core/Src/usbd_core.c.obj
                0x08006efc                USBD_LL_SetSpeed
 .text.USBD_LL_Suspend
                0x08006f1c       0x2c cmake/stm32cubemx/CMakeFiles/USB_Device_Library.dir/__/__/Middlewares/ST/STM32_USB_Device_Library/Core/Src/usbd_core.c.obj
                0x08006f1c                USBD_LL_Suspend
 .text.USBD_LL_Resume
                0x08006f48       0x30 cmake/stm32cubemx/CMakeFiles/USB_Device_Library.dir/__/__/Middlewares/ST/STM32_USB_Device_Library/Core/Src/usbd_core.c.obj
                0x08006f48                USBD_LL_Resume
 .text.USBD_LL_SOF
                0x08006f78       0x44 cmake/stm32cubemx/CMakeFiles/USB_Device_Library.dir/__/__/Middlewares/ST/STM32_USB_Device_Library/Core/Src/usbd_core.c.obj
                0x08006f78                USBD_LL_SOF
 .text.SWAPBYTE
                0x08006fbc       0x3e cmake/stm32cubemx/CMakeFiles/USB_Device_Library.dir/__/__/Middlewares/ST/STM32_USB_Device_Library/Core/Src/usbd_ctlreq.c.obj
 *fill*         0x08006ffa        0x2 
 .text.USBD_StdDevReq
                0x08006ffc       0xdc cmake/stm32cubemx/CMakeFiles/USB_Device_Library.dir/__/__/Middlewares/ST/STM32_USB_Device_Library/Core/Src/usbd_ctlreq.c.obj
                0x08006ffc                USBD_StdDevReq
 .text.USBD_StdItfReq
                0x080070d8       0x92 cmake/stm32cubemx/CMakeFiles/USB_Device_Library.dir/__/__/Middlewares/ST/STM32_USB_Device_Library/Core/Src/usbd_ctlreq.c.obj
                0x080070d8                USBD_StdItfReq
 .text.USBD_StdEPReq
                0x0800716a      0x2c4 cmake/stm32cubemx/CMakeFiles/USB_Device_Library.dir/__/__/Middlewares/ST/STM32_USB_Device_Library/Core/Src/usbd_ctlreq.c.obj
                0x0800716a                USBD_StdEPReq
 *fill*         0x0800742e        0x2 
 .text.USBD_GetDescriptor
                0x08007430      0x328 cmake/stm32cubemx/CMakeFiles/USB_Device_Library.dir/__/__/Middlewares/ST/STM32_USB_Device_Library/Core/Src/usbd_ctlreq.c.obj
 .text.USBD_SetAddress
                0x08007758       0x88 cmake/stm32cubemx/CMakeFiles/USB_Device_Library.dir/__/__/Middlewares/ST/STM32_USB_Device_Library/Core/Src/usbd_ctlreq.c.obj
 .text.USBD_SetConfig
                0x080077e0      0x14c cmake/stm32cubemx/CMakeFiles/USB_Device_Library.dir/__/__/Middlewares/ST/STM32_USB_Device_Library/Core/Src/usbd_ctlreq.c.obj
 .text.USBD_GetConfig
                0x0800792c       0x6c cmake/stm32cubemx/CMakeFiles/USB_Device_Library.dir/__/__/Middlewares/ST/STM32_USB_Device_Library/Core/Src/usbd_ctlreq.c.obj
 .text.USBD_GetStatus
                0x08007998       0x68 cmake/stm32cubemx/CMakeFiles/USB_Device_Library.dir/__/__/Middlewares/ST/STM32_USB_Device_Library/Core/Src/usbd_ctlreq.c.obj
 .text.USBD_SetFeature
                0x08007a00       0x28 cmake/stm32cubemx/CMakeFiles/USB_Device_Library.dir/__/__/Middlewares/ST/STM32_USB_Device_Library/Core/Src/usbd_ctlreq.c.obj
 .text.USBD_ClrFeature
                0x08007a28       0x44 cmake/stm32cubemx/CMakeFiles/USB_Device_Library.dir/__/__/Middlewares/ST/STM32_USB_Device_Library/Core/Src/usbd_ctlreq.c.obj
 .text.USBD_ParseSetupRequest
                0x08007a6c       0x74 cmake/stm32cubemx/CMakeFiles/USB_Device_Library.dir/__/__/Middlewares/ST/STM32_USB_Device_Library/Core/Src/usbd_ctlreq.c.obj
                0x08007a6c                USBD_ParseSetupRequest
 .text.USBD_CtlError
                0x08007ae0       0x22 cmake/stm32cubemx/CMakeFiles/USB_Device_Library.dir/__/__/Middlewares/ST/STM32_USB_Device_Library/Core/Src/usbd_ctlreq.c.obj
                0x08007ae0                USBD_CtlError
 .text.USBD_GetString
                0x08007b02       0x8c cmake/stm32cubemx/CMakeFiles/USB_Device_Library.dir/__/__/Middlewares/ST/STM32_USB_Device_Library/Core/Src/usbd_ctlreq.c.obj
                0x08007b02                USBD_GetString
 .text.USBD_GetLen
                0x08007b8e       0x34 cmake/stm32cubemx/CMakeFiles/USB_Device_Library.dir/__/__/Middlewares/ST/STM32_USB_Device_Library/Core/Src/usbd_ctlreq.c.obj
 .text.USBD_CtlSendData
                0x08007bc2       0x36 cmake/stm32cubemx/CMakeFiles/USB_Device_Library.dir/__/__/Middlewares/ST/STM32_USB_Device_Library/Core/Src/usbd_ioreq.c.obj
                0x08007bc2                USBD_CtlSendData
 .text.USBD_CtlContinueSendData
                0x08007bf8       0x22 cmake/stm32cubemx/CMakeFiles/USB_Device_Library.dir/__/__/Middlewares/ST/STM32_USB_Device_Library/Core/Src/usbd_ioreq.c.obj
                0x08007bf8                USBD_CtlContinueSendData
 .text.USBD_CtlPrepareRx
                0x08007c1a       0x3a cmake/stm32cubemx/CMakeFiles/USB_Device_Library.dir/__/__/Middlewares/ST/STM32_USB_Device_Library/Core/Src/usbd_ioreq.c.obj
                0x08007c1a                USBD_CtlPrepareRx
 .text.USBD_CtlContinueRx
                0x08007c54       0x22 cmake/stm32cubemx/CMakeFiles/USB_Device_Library.dir/__/__/Middlewares/ST/STM32_USB_Device_Library/Core/Src/usbd_ioreq.c.obj
                0x08007c54                USBD_CtlContinueRx
 .text.USBD_CtlSendStatus
                0x08007c76       0x26 cmake/stm32cubemx/CMakeFiles/USB_Device_Library.dir/__/__/Middlewares/ST/STM32_USB_Device_Library/Core/Src/usbd_ioreq.c.obj
                0x08007c76                USBD_CtlSendStatus
 .text.USBD_CtlReceiveStatus
                0x08007c9c       0x26 cmake/stm32cubemx/CMakeFiles/USB_Device_Library.dir/__/__/Middlewares/ST/STM32_USB_Device_Library/Core/Src/usbd_ioreq.c.obj
                0x08007c9c                USBD_CtlReceiveStatus
 .text.USBD_CDC_Init
                0x08007cc2       0xfe cmake/stm32cubemx/CMakeFiles/USB_Device_Library.dir/__/__/Middlewares/ST/STM32_USB_Device_Library/Class/CDC/Src/usbd_cdc.c.obj
 .text.USBD_CDC_DeInit
                0x08007dc0       0x74 cmake/stm32cubemx/CMakeFiles/USB_Device_Library.dir/__/__/Middlewares/ST/STM32_USB_Device_Library/Class/CDC/Src/usbd_cdc.c.obj
 .text.USBD_CDC_Setup
                0x08007e34      0x190 cmake/stm32cubemx/CMakeFiles/USB_Device_Library.dir/__/__/Middlewares/ST/STM32_USB_Device_Library/Class/CDC/Src/usbd_cdc.c.obj
 .text.USBD_CDC_DataIn
                0x08007fc4       0xca cmake/stm32cubemx/CMakeFiles/USB_Device_Library.dir/__/__/Middlewares/ST/STM32_USB_Device_Library/Class/CDC/Src/usbd_cdc.c.obj
 .text.USBD_CDC_DataOut
                0x0800808e       0x56 cmake/stm32cubemx/CMakeFiles/USB_Device_Library.dir/__/__/Middlewares/ST/STM32_USB_Device_Library/Class/CDC/Src/usbd_cdc.c.obj
 .text.USBD_CDC_EP0_RxReady
                0x080080e4       0x58 cmake/stm32cubemx/CMakeFiles/USB_Device_Library.dir/__/__/Middlewares/ST/STM32_USB_Device_Library/Class/CDC/Src/usbd_cdc.c.obj
 .text.USBD_CDC_GetFSCfgDesc
                0x0800813c       0x20 cmake/stm32cubemx/CMakeFiles/USB_Device_Library.dir/__/__/Middlewares/ST/STM32_USB_Device_Library/Class/CDC/Src/usbd_cdc.c.obj
 .text.USBD_CDC_GetHSCfgDesc
                0x0800815c       0x20 cmake/stm32cubemx/CMakeFiles/USB_Device_Library.dir/__/__/Middlewares/ST/STM32_USB_Device_Library/Class/CDC/Src/usbd_cdc.c.obj
 .text.USBD_CDC_GetOtherSpeedCfgDesc
                0x0800817c       0x20 cmake/stm32cubemx/CMakeFiles/USB_Device_Library.dir/__/__/Middlewares/ST/STM32_USB_Device_Library/Class/CDC/Src/usbd_cdc.c.obj
 .text.USBD_CDC_GetDeviceQualifierDescriptor
                0x0800819c       0x20 cmake/stm32cubemx/CMakeFiles/USB_Device_Library.dir/__/__/Middlewares/ST/STM32_USB_Device_Library/Class/CDC/Src/usbd_cdc.c.obj
                0x0800819c                USBD_CDC_GetDeviceQualifierDescriptor
 .text.USBD_CDC_RegisterInterface
                0x080081bc       0x2a cmake/stm32cubemx/CMakeFiles/USB_Device_Library.dir/__/__/Middlewares/ST/STM32_USB_Device_Library/Class/CDC/Src/usbd_cdc.c.obj
                0x080081bc                USBD_CDC_RegisterInterface
 .text.USBD_CDC_SetTxBuffer
                0x080081e6       0x3c cmake/stm32cubemx/CMakeFiles/USB_Device_Library.dir/__/__/Middlewares/ST/STM32_USB_Device_Library/Class/CDC/Src/usbd_cdc.c.obj
                0x080081e6                USBD_CDC_SetTxBuffer
 .text.USBD_CDC_SetRxBuffer
                0x08008222       0x32 cmake/stm32cubemx/CMakeFiles/USB_Device_Library.dir/__/__/Middlewares/ST/STM32_USB_Device_Library/Class/CDC/Src/usbd_cdc.c.obj
                0x08008222                USBD_CDC_SetRxBuffer
 .text.USBD_CDC_TransmitPacket
                0x08008254       0x60 cmake/stm32cubemx/CMakeFiles/USB_Device_Library.dir/__/__/Middlewares/ST/STM32_USB_Device_Library/Class/CDC/Src/usbd_cdc.c.obj
                0x08008254                USBD_CDC_TransmitPacket
 .text.USBD_CDC_ReceivePacket
                0x080082b4       0x54 cmake/stm32cubemx/CMakeFiles/USB_Device_Library.dir/__/__/Middlewares/ST/STM32_USB_Device_Library/Class/CDC/Src/usbd_cdc.c.obj
                0x080082b4                USBD_CDC_ReceivePacket
 .text.HAL_PCD_MspInit
                0x08008308       0x78 CMakeFiles/RadioBoard.dir/USB_Device/Target/usbd_conf.c.obj
                0x08008308                HAL_PCD_MspInit
 .text.HAL_PCD_SetupStageCallback
                0x08008380       0x24 CMakeFiles/RadioBoard.dir/USB_Device/Target/usbd_conf.c.obj
                0x08008380                HAL_PCD_SetupStageCallback
 .text.HAL_PCD_DataOutStageCallback
                0x080083a4       0x36 CMakeFiles/RadioBoard.dir/USB_Device/Target/usbd_conf.c.obj
                0x080083a4                HAL_PCD_DataOutStageCallback
 .text.HAL_PCD_DataInStageCallback
                0x080083da       0x34 CMakeFiles/RadioBoard.dir/USB_Device/Target/usbd_conf.c.obj
                0x080083da                HAL_PCD_DataInStageCallback
 .text.HAL_PCD_SOFCallback
                0x0800840e       0x1c CMakeFiles/RadioBoard.dir/USB_Device/Target/usbd_conf.c.obj
                0x0800840e                HAL_PCD_SOFCallback
 .text.HAL_PCD_ResetCallback
                0x0800842a       0x3c CMakeFiles/RadioBoard.dir/USB_Device/Target/usbd_conf.c.obj
                0x0800842a                HAL_PCD_ResetCallback
 *fill*         0x08008466        0x2 
 .text.HAL_PCD_SuspendCallback
                0x08008468       0x34 CMakeFiles/RadioBoard.dir/USB_Device/Target/usbd_conf.c.obj
                0x08008468                HAL_PCD_SuspendCallback
 .text.HAL_PCD_ResumeCallback
                0x0800849c       0x38 CMakeFiles/RadioBoard.dir/USB_Device/Target/usbd_conf.c.obj
                0x0800849c                HAL_PCD_ResumeCallback
 .text.USBD_LL_Init
                0x080084d4       0xc0 CMakeFiles/RadioBoard.dir/USB_Device/Target/usbd_conf.c.obj
                0x080084d4                USBD_LL_Init
 .text.USBD_LL_Start
                0x08008594       0x36 CMakeFiles/RadioBoard.dir/USB_Device/Target/usbd_conf.c.obj
                0x08008594                USBD_LL_Start
 .text.USBD_LL_OpenEP
                0x080085ca       0x4c CMakeFiles/RadioBoard.dir/USB_Device/Target/usbd_conf.c.obj
                0x080085ca                USBD_LL_OpenEP
 .text.USBD_LL_CloseEP
                0x08008616       0x3e CMakeFiles/RadioBoard.dir/USB_Device/Target/usbd_conf.c.obj
                0x08008616                USBD_LL_CloseEP
 .text.USBD_LL_StallEP
                0x08008654       0x3e CMakeFiles/RadioBoard.dir/USB_Device/Target/usbd_conf.c.obj
                0x08008654                USBD_LL_StallEP
 .text.USBD_LL_ClearStallEP
                0x08008692       0x3e CMakeFiles/RadioBoard.dir/USB_Device/Target/usbd_conf.c.obj
                0x08008692                USBD_LL_ClearStallEP
 .text.USBD_LL_IsStallEP
                0x080086d0       0x58 CMakeFiles/RadioBoard.dir/USB_Device/Target/usbd_conf.c.obj
                0x080086d0                USBD_LL_IsStallEP
 .text.USBD_LL_SetUSBAddress
                0x08008728       0x3e CMakeFiles/RadioBoard.dir/USB_Device/Target/usbd_conf.c.obj
                0x08008728                USBD_LL_SetUSBAddress
 .text.USBD_LL_Transmit
                0x08008766       0x42 CMakeFiles/RadioBoard.dir/USB_Device/Target/usbd_conf.c.obj
                0x08008766                USBD_LL_Transmit
 .text.USBD_LL_PrepareReceive
                0x080087a8       0x42 CMakeFiles/RadioBoard.dir/USB_Device/Target/usbd_conf.c.obj
                0x080087a8                USBD_LL_PrepareReceive
 .text.USBD_LL_GetRxDataSize
                0x080087ea       0x26 CMakeFiles/RadioBoard.dir/USB_Device/Target/usbd_conf.c.obj
                0x080087ea                USBD_LL_GetRxDataSize
 .text.HAL_PCDEx_LPM_Callback
                0x08008810       0x6c CMakeFiles/RadioBoard.dir/USB_Device/Target/usbd_conf.c.obj
                0x08008810                HAL_PCDEx_LPM_Callback
 .text.USBD_static_malloc
                0x0800887c       0x1c CMakeFiles/RadioBoard.dir/USB_Device/Target/usbd_conf.c.obj
                0x0800887c                USBD_static_malloc
 .text.USBD_static_free
                0x08008898       0x14 CMakeFiles/RadioBoard.dir/USB_Device/Target/usbd_conf.c.obj
                0x08008898                USBD_static_free
 .text.SystemClockConfig_Resume
                0x080088ac        0xc CMakeFiles/RadioBoard.dir/USB_Device/Target/usbd_conf.c.obj
 .text.USBD_Get_USB_Status
                0x080088b8       0x58 CMakeFiles/RadioBoard.dir/USB_Device/Target/usbd_conf.c.obj
 .text.MX_USB_Device_Init
                0x08008910       0x60 CMakeFiles/RadioBoard.dir/USB_Device/App/usb_device.c.obj
                0x08008910                MX_USB_Device_Init
 .text.USBD_CDC_DeviceDescriptor
                0x08008970       0x24 CMakeFiles/RadioBoard.dir/USB_Device/App/usbd_desc.c.obj
                0x08008970                USBD_CDC_DeviceDescriptor
 .text.USBD_CDC_LangIDStrDescriptor
                0x08008994       0x24 CMakeFiles/RadioBoard.dir/USB_Device/App/usbd_desc.c.obj
                0x08008994                USBD_CDC_LangIDStrDescriptor
 .text.USBD_CDC_ProductStrDescriptor
                0x080089b8       0x3c CMakeFiles/RadioBoard.dir/USB_Device/App/usbd_desc.c.obj
                0x080089b8                USBD_CDC_ProductStrDescriptor
 .text.USBD_CDC_ManufacturerStrDescriptor
                0x080089f4       0x28 CMakeFiles/RadioBoard.dir/USB_Device/App/usbd_desc.c.obj
                0x080089f4                USBD_CDC_ManufacturerStrDescriptor
 .text.USBD_CDC_SerialStrDescriptor
                0x08008a1c       0x24 CMakeFiles/RadioBoard.dir/USB_Device/App/usbd_desc.c.obj
                0x08008a1c                USBD_CDC_SerialStrDescriptor
 .text.USBD_CDC_ConfigStrDescriptor
                0x08008a40       0x3c CMakeFiles/RadioBoard.dir/USB_Device/App/usbd_desc.c.obj
                0x08008a40                USBD_CDC_ConfigStrDescriptor
 .text.USBD_CDC_InterfaceStrDescriptor
                0x08008a7c       0x3c CMakeFiles/RadioBoard.dir/USB_Device/App/usbd_desc.c.obj
                0x08008a7c                USBD_CDC_InterfaceStrDescriptor
 .text.Get_SerialNum
                0x08008ab8       0x58 CMakeFiles/RadioBoard.dir/USB_Device/App/usbd_desc.c.obj
 .text.IntToUnicode
                0x08008b10       0x7e CMakeFiles/RadioBoard.dir/USB_Device/App/usbd_desc.c.obj
 *fill*         0x08008b8e        0x2 
 .text.CDC_Init_FS
                0x08008b90       0x28 CMakeFiles/RadioBoard.dir/USB_Device/App/usbd_cdc_if.c.obj
 .text.CDC_DeInit_FS
                0x08008bb8       0x10 CMakeFiles/RadioBoard.dir/USB_Device/App/usbd_cdc_if.c.obj
 .text.CDC_Control_FS
                0x08008bc8       0xbc CMakeFiles/RadioBoard.dir/USB_Device/App/usbd_cdc_if.c.obj
 .text.CDC_Receive_FS
                0x08008c84       0x28 CMakeFiles/RadioBoard.dir/USB_Device/App/usbd_cdc_if.c.obj
 .text.CDC_Transmit_FS
                0x08008cac       0x4c CMakeFiles/RadioBoard.dir/USB_Device/App/usbd_cdc_if.c.obj
                0x08008cac                CDC_Transmit_FS
 .text.CDC_TransmitCplt_FS
                0x08008cf8       0x22 CMakeFiles/RadioBoard.dir/USB_Device/App/usbd_cdc_if.c.obj
 *fill*         0x08008d1a        0x2 
 .text.main     0x08008d1c      0x158 CMakeFiles/RadioBoard.dir/Core/Src/main.c.obj
                0x08008d1c                main
 .text.SystemClock_Config
                0x08008e74       0x84 CMakeFiles/RadioBoard.dir/Core/Src/main.c.obj
                0x08008e74                SystemClock_Config
 .text.MX_FDCAN2_Init
                0x08008ef8       0x8c CMakeFiles/RadioBoard.dir/Core/Src/main.c.obj
 .text.MX_USART1_UART_Init
                0x08008f84       0x98 CMakeFiles/RadioBoard.dir/Core/Src/main.c.obj
 .text.MX_GPIO_Init
                0x0800901c       0xb0 CMakeFiles/RadioBoard.dir/Core/Src/main.c.obj
 .text._write   0x080090cc       0x22 CMakeFiles/RadioBoard.dir/Core/Src/main.c.obj
                0x080090cc                _write
 .text.Error_Handler
                0x080090ee        0xc CMakeFiles/RadioBoard.dir/Core/Src/main.c.obj
                0x080090ee                Error_Handler
 .text.NMI_Handler
                0x080090fa        0x8 CMakeFiles/RadioBoard.dir/Core/Src/stm32g4xx_it.c.obj
                0x080090fa                NMI_Handler
 .text.HardFault_Handler
                0x08009102        0x8 CMakeFiles/RadioBoard.dir/Core/Src/stm32g4xx_it.c.obj
                0x08009102                HardFault_Handler
 .text.MemManage_Handler
                0x0800910a        0x8 CMakeFiles/RadioBoard.dir/Core/Src/stm32g4xx_it.c.obj
                0x0800910a                MemManage_Handler
 .text.BusFault_Handler
                0x08009112        0x8 CMakeFiles/RadioBoard.dir/Core/Src/stm32g4xx_it.c.obj
                0x08009112                BusFault_Handler
 .text.UsageFault_Handler
                0x0800911a        0x8 CMakeFiles/RadioBoard.dir/Core/Src/stm32g4xx_it.c.obj
                0x0800911a                UsageFault_Handler
 .text.SVC_Handler
                0x08009122        0xe CMakeFiles/RadioBoard.dir/Core/Src/stm32g4xx_it.c.obj
                0x08009122                SVC_Handler
 .text.DebugMon_Handler
                0x08009130        0xe CMakeFiles/RadioBoard.dir/Core/Src/stm32g4xx_it.c.obj
                0x08009130                DebugMon_Handler
 .text.PendSV_Handler
                0x0800913e        0xe CMakeFiles/RadioBoard.dir/Core/Src/stm32g4xx_it.c.obj
                0x0800913e                PendSV_Handler
 .text.SysTick_Handler
                0x0800914c        0xc CMakeFiles/RadioBoard.dir/Core/Src/stm32g4xx_it.c.obj
                0x0800914c                SysTick_Handler
 .text.USB_LP_IRQHandler
                0x08009158       0x14 CMakeFiles/RadioBoard.dir/Core/Src/stm32g4xx_it.c.obj
                0x08009158                USB_LP_IRQHandler
 .text.HAL_MspInit
                0x0800916c       0x48 CMakeFiles/RadioBoard.dir/Core/Src/stm32g4xx_hal_msp.c.obj
                0x0800916c                HAL_MspInit
 .text.HAL_FDCAN_MspInit
                0x080091b4       0xb8 CMakeFiles/RadioBoard.dir/Core/Src/stm32g4xx_hal_msp.c.obj
                0x080091b4                HAL_FDCAN_MspInit
 .text.HAL_UART_MspInit
                0x0800926c       0xb0 CMakeFiles/RadioBoard.dir/Core/Src/stm32g4xx_hal_msp.c.obj
                0x0800926c                HAL_UART_MspInit
 .text._sbrk    0x0800931c       0x6c CMakeFiles/RadioBoard.dir/Core/Src/sysmem.c.obj
                0x0800931c                _sbrk
 .text._read    0x08009388       0x3a CMakeFiles/RadioBoard.dir/Core/Src/syscalls.c.obj
                0x08009388                _read
 .text._close   0x080093c2       0x18 CMakeFiles/RadioBoard.dir/Core/Src/syscalls.c.obj
                0x080093c2                _close
 .text._fstat   0x080093da       0x20 CMakeFiles/RadioBoard.dir/Core/Src/syscalls.c.obj
                0x080093da                _fstat
 .text._isatty  0x080093fa       0x16 CMakeFiles/RadioBoard.dir/Core/Src/syscalls.c.obj
                0x080093fa                _isatty
 .text._lseek   0x08009410       0x1a CMakeFiles/RadioBoard.dir/Core/Src/syscalls.c.obj
                0x08009410                _lseek
 *fill*         0x0800942a        0x2 
 .text.Reset_Handler
                0x0800942c       0x50 CMakeFiles/RadioBoard.dir/startup_stm32g491xx.s.obj
                0x0800942c                Reset_Handler
 .text.Default_Handler
                0x0800947c        0x2 CMakeFiles/RadioBoard.dir/startup_stm32g491xx.s.obj
                0x0800947c                TIM1_BRK_TIM15_IRQHandler
                0x0800947c                EXTI2_IRQHandler
                0x0800947c                TIM8_TRG_COM_IRQHandler
                0x0800947c                TIM8_CC_IRQHandler
                0x0800947c                TIM1_CC_IRQHandler
                0x0800947c                USB_HP_IRQHandler
                0x0800947c                CORDIC_IRQHandler
                0x0800947c                DMA2_Channel8_IRQHandler
                0x0800947c                EXTI3_IRQHandler
                0x0800947c                I2C3_ER_IRQHandler
                0x0800947c                EXTI0_IRQHandler
                0x0800947c                I2C2_EV_IRQHandler
                0x0800947c                FPU_IRQHandler
                0x0800947c                FDCAN1_IT1_IRQHandler
                0x0800947c                TIM1_UP_TIM16_IRQHandler
                0x0800947c                ADC1_2_IRQHandler
                0x0800947c                SPI1_IRQHandler
                0x0800947c                TIM6_DAC_IRQHandler
                0x0800947c                TIM8_UP_IRQHandler
                0x0800947c                DMA2_Channel2_IRQHandler
                0x0800947c                DMA1_Channel4_IRQHandler
                0x0800947c                TIM20_TRG_COM_IRQHandler
                0x0800947c                USART3_IRQHandler
                0x0800947c                DMA1_Channel7_IRQHandler
                0x0800947c                UART5_IRQHandler
                0x0800947c                ADC3_IRQHandler
                0x0800947c                TIM4_IRQHandler
                0x0800947c                DMA2_Channel1_IRQHandler
                0x0800947c                QUADSPI_IRQHandler
                0x0800947c                I2C1_EV_IRQHandler
                0x0800947c                DMA1_Channel6_IRQHandler
                0x0800947c                UART4_IRQHandler
                0x0800947c                DMA2_Channel4_IRQHandler
                0x0800947c                TIM3_IRQHandler
                0x0800947c                RCC_IRQHandler
                0x0800947c                TIM20_UP_IRQHandler
                0x0800947c                DMA1_Channel1_IRQHandler
                0x0800947c                Default_Handler
                0x0800947c                DMA2_Channel7_IRQHandler
                0x0800947c                RTC_TAMP_LSECSS_IRQHandler
                0x0800947c                FMAC_IRQHandler
                0x0800947c                EXTI15_10_IRQHandler
                0x0800947c                DMA1_Channel8_IRQHandler
                0x0800947c                TIM7_IRQHandler
                0x0800947c                UCPD1_IRQHandler
                0x0800947c                I2C3_EV_IRQHandler
                0x0800947c                EXTI9_5_IRQHandler
                0x0800947c                RTC_WKUP_IRQHandler
                0x0800947c                PVD_PVM_IRQHandler
                0x0800947c                SPI2_IRQHandler
                0x0800947c                DMA2_Channel5_IRQHandler
                0x0800947c                CRS_IRQHandler
                0x0800947c                DMA1_Channel5_IRQHandler
                0x0800947c                EXTI4_IRQHandler
                0x0800947c                RNG_IRQHandler
                0x0800947c                TIM1_TRG_COM_TIM17_IRQHandler
                0x0800947c                FDCAN2_IT1_IRQHandler
                0x0800947c                DMA1_Channel3_IRQHandler
                0x0800947c                WWDG_IRQHandler
                0x0800947c                FDCAN2_IT0_IRQHandler
                0x0800947c                LPUART1_IRQHandler
                0x0800947c                DMA2_Channel6_IRQHandler
                0x0800947c                FDCAN1_IT0_IRQHandler
                0x0800947c                TIM2_IRQHandler
                0x0800947c                COMP1_2_3_IRQHandler
                0x0800947c                EXTI1_IRQHandler
                0x0800947c                USART2_IRQHandler
                0x0800947c                TIM20_BRK_IRQHandler
                0x0800947c                I2C2_ER_IRQHandler
                0x0800947c                DMA1_Channel2_IRQHandler
                0x0800947c                TIM8_BRK_IRQHandler
                0x0800947c                FLASH_IRQHandler
                0x0800947c                TIM20_CC_IRQHandler
                0x0800947c                USART1_IRQHandler
                0x0800947c                SPI3_IRQHandler
                0x0800947c                I2C1_ER_IRQHandler
                0x0800947c                LPTIM1_IRQHandler
                0x0800947c                DMAMUX_OVR_IRQHandler
                0x0800947c                USBWakeUp_IRQHandler
                0x0800947c                SAI1_IRQHandler
                0x0800947c                DMA2_Channel3_IRQHandler
                0x0800947c                COMP4_IRQHandler
                0x0800947c                RTC_Alarm_IRQHandler
 *fill*         0x0800947e        0x2 
 .text.std      0x08009480       0x6c /opt/ST/STM32CubeCLT_1.19.0/GNU-tools-for-STM32/bin/../lib/gcc/arm-none-eabi/13.3.1/../../../../arm-none-eabi/lib/thumb/v7e-m+fp/hard/libg_nano.a(libc_a-findfp.o)
 .text.stdio_exit_handler
                0x080094ec       0x18 /opt/ST/STM32CubeCLT_1.19.0/GNU-tools-for-STM32/bin/../lib/gcc/arm-none-eabi/13.3.1/../../../../arm-none-eabi/lib/thumb/v7e-m+fp/hard/libg_nano.a(libc_a-findfp.o)
 .text.cleanup_stdio
                0x08009504       0x40 /opt/ST/STM32CubeCLT_1.19.0/GNU-tools-for-STM32/bin/../lib/gcc/arm-none-eabi/13.3.1/../../../../arm-none-eabi/lib/thumb/v7e-m+fp/hard/libg_nano.a(libc_a-findfp.o)
 .text.global_stdio_init.part.0
                0x08009544       0x3c /opt/ST/STM32CubeCLT_1.19.0/GNU-tools-for-STM32/bin/../lib/gcc/arm-none-eabi/13.3.1/../../../../arm-none-eabi/lib/thumb/v7e-m+fp/hard/libg_nano.a(libc_a-findfp.o)
 .text.__sfp_lock_acquire
                0x08009580        0xc /opt/ST/STM32CubeCLT_1.19.0/GNU-tools-for-STM32/bin/../lib/gcc/arm-none-eabi/13.3.1/../../../../arm-none-eabi/lib/thumb/v7e-m+fp/hard/libg_nano.a(libc_a-findfp.o)
                0x08009580                __sfp_lock_acquire
 .text.__sfp_lock_release
                0x0800958c        0xc /opt/ST/STM32CubeCLT_1.19.0/GNU-tools-for-STM32/bin/../lib/gcc/arm-none-eabi/13.3.1/../../../../arm-none-eabi/lib/thumb/v7e-m+fp/hard/libg_nano.a(libc_a-findfp.o)
                0x0800958c                __sfp_lock_release
 .text.__sinit  0x08009598       0x30 /opt/ST/STM32CubeCLT_1.19.0/GNU-tools-for-STM32/bin/../lib/gcc/arm-none-eabi/13.3.1/../../../../arm-none-eabi/lib/thumb/v7e-m+fp/hard/libg_nano.a(libc_a-findfp.o)
                0x08009598                __sinit
 .text._fwalk_sglue
                0x080095c8       0x3c /opt/ST/STM32CubeCLT_1.19.0/GNU-tools-for-STM32/bin/../lib/gcc/arm-none-eabi/13.3.1/../../../../arm-none-eabi/lib/thumb/v7e-m+fp/hard/libg_nano.a(libc_a-fwalk.o)
                0x080095c8                _fwalk_sglue
 .text.printf   0x08009604       0x24 /opt/ST/STM32CubeCLT_1.19.0/GNU-tools-for-STM32/bin/../lib/gcc/arm-none-eabi/13.3.1/../../../../arm-none-eabi/lib/thumb/v7e-m+fp/hard/libg_nano.a(libc_a-printf.o)
                0x08009604                printf
                0x08009604                iprintf
 .text.memset   0x08009628       0x10 /opt/ST/STM32CubeCLT_1.19.0/GNU-tools-for-STM32/bin/../lib/gcc/arm-none-eabi/13.3.1/../../../../arm-none-eabi/lib/thumb/v7e-m+fp/hard/libg_nano.a(libc_a-memset.o)
                0x08009628                memset
 .text.__errno  0x08009638        0xc /opt/ST/STM32CubeCLT_1.19.0/GNU-tools-for-STM32/bin/../lib/gcc/arm-none-eabi/13.3.1/../../../../arm-none-eabi/lib/thumb/v7e-m+fp/hard/libg_nano.a(libc_a-errno.o)
                0x08009638                __errno
 .text.__libc_init_array
                0x08009644       0x48 /opt/ST/STM32CubeCLT_1.19.0/GNU-tools-for-STM32/bin/../lib/gcc/arm-none-eabi/13.3.1/../../../../arm-none-eabi/lib/thumb/v7e-m+fp/hard/libg_nano.a(libc_a-init.o)
                0x08009644                __libc_init_array
 .text.__retarget_lock_init_recursive
                0x0800968c        0x2 /opt/ST/STM32CubeCLT_1.19.0/GNU-tools-for-STM32/bin/../lib/gcc/arm-none-eabi/13.3.1/../../../../arm-none-eabi/lib/thumb/v7e-m+fp/hard/libg_nano.a(libc_a-lock.o)
                0x0800968c                __retarget_lock_init_recursive
 .text.__retarget_lock_acquire_recursive
                0x0800968e        0x2 /opt/ST/STM32CubeCLT_1.19.0/GNU-tools-for-STM32/bin/../lib/gcc/arm-none-eabi/13.3.1/../../../../arm-none-eabi/lib/thumb/v7e-m+fp/hard/libg_nano.a(libc_a-lock.o)
                0x0800968e                __retarget_lock_acquire_recursive
 .text.__retarget_lock_release_recursive
                0x08009690        0x2 /opt/ST/STM32CubeCLT_1.19.0/GNU-tools-for-STM32/bin/../lib/gcc/arm-none-eabi/13.3.1/../../../../arm-none-eabi/lib/thumb/v7e-m+fp/hard/libg_nano.a(libc_a-lock.o)
                0x08009690                __retarget_lock_release_recursive
 .text.memcpy   0x08009692       0x1c /opt/ST/STM32CubeCLT_1.19.0/GNU-tools-for-STM32/bin/../lib/gcc/arm-none-eabi/13.3.1/../../../../arm-none-eabi/lib/thumb/v7e-m+fp/hard/libg_nano.a(libc_a-memcpy-stub.o)
                0x08009692                memcpy
 .text.__sfputc_r
                0x080096ae       0x2e /opt/ST/STM32CubeCLT_1.19.0/GNU-tools-for-STM32/bin/../lib/gcc/arm-none-eabi/13.3.1/../../../../arm-none-eabi/lib/thumb/v7e-m+fp/hard/libg_nano.a(libc_a-nano-vfprintf.o)
 .text.__sfputs_r
                0x080096dc       0x24 /opt/ST/STM32CubeCLT_1.19.0/GNU-tools-for-STM32/bin/../lib/gcc/arm-none-eabi/13.3.1/../../../../arm-none-eabi/lib/thumb/v7e-m+fp/hard/libg_nano.a(libc_a-nano-vfprintf.o)
                0x080096dc                __sfputs_r
 .text._vfprintf_r
                0x08009700      0x230 /opt/ST/STM32CubeCLT_1.19.0/GNU-tools-for-STM32/bin/../lib/gcc/arm-none-eabi/13.3.1/../../../../arm-none-eabi/lib/thumb/v7e-m+fp/hard/libg_nano.a(libc_a-nano-vfprintf.o)
                0x08009700                _vfiprintf_r
                0x08009700                _vfprintf_r
 .text.sbrk_aligned
                0x08009930       0x44 /opt/ST/STM32CubeCLT_1.19.0/GNU-tools-for-STM32/bin/../lib/gcc/arm-none-eabi/13.3.1/../../../../arm-none-eabi/lib/thumb/v7e-m+fp/hard/libg_nano.a(libc_a-mallocr.o)
 .text._malloc_r
                0x08009974      0x100 /opt/ST/STM32CubeCLT_1.19.0/GNU-tools-for-STM32/bin/../lib/gcc/arm-none-eabi/13.3.1/../../../../arm-none-eabi/lib/thumb/v7e-m+fp/hard/libg_nano.a(libc_a-mallocr.o)
                0x08009974                _malloc_r
 .text._printf_common
                0x08009a74       0xda /opt/ST/STM32CubeCLT_1.19.0/GNU-tools-for-STM32/bin/../lib/gcc/arm-none-eabi/13.3.1/../../../../arm-none-eabi/lib/thumb/v7e-m+fp/hard/libg_nano.a(libc_a-nano-vfprintf_i.o)
                0x08009a74                _printf_common
 *fill*         0x08009b4e        0x2 
 .text._printf_i
                0x08009b50      0x23c /opt/ST/STM32CubeCLT_1.19.0/GNU-tools-for-STM32/bin/../lib/gcc/arm-none-eabi/13.3.1/../../../../arm-none-eabi/lib/thumb/v7e-m+fp/hard/libg_nano.a(libc_a-nano-vfprintf_i.o)
                0x08009b50                _printf_i
 .text.__sflush_r
                0x08009d8c      0x108 /opt/ST/STM32CubeCLT_1.19.0/GNU-tools-for-STM32/bin/../lib/gcc/arm-none-eabi/13.3.1/../../../../arm-none-eabi/lib/thumb/v7e-m+fp/hard/libg_nano.a(libc_a-fflush.o)
                0x08009d8c                __sflush_r
 .text._fflush_r
                0x08009e94       0x50 /opt/ST/STM32CubeCLT_1.19.0/GNU-tools-for-STM32/bin/../lib/gcc/arm-none-eabi/13.3.1/../../../../arm-none-eabi/lib/thumb/v7e-m+fp/hard/libg_nano.a(libc_a-fflush.o)
                0x08009e94                _fflush_r
 .text.__malloc_lock
                0x08009ee4        0xc /opt/ST/STM32CubeCLT_1.19.0/GNU-tools-for-STM32/bin/../lib/gcc/arm-none-eabi/13.3.1/../../../../arm-none-eabi/lib/thumb/v7e-m+fp/hard/libg_nano.a(libc_a-mlock.o)
                0x08009ee4                __malloc_lock
 .text.__malloc_unlock
                0x08009ef0        0xc /opt/ST/STM32CubeCLT_1.19.0/GNU-tools-for-STM32/bin/../lib/gcc/arm-none-eabi/13.3.1/../../../../arm-none-eabi/lib/thumb/v7e-m+fp/hard/libg_nano.a(libc_a-mlock.o)
                0x08009ef0                __malloc_unlock
 .text.__sread  0x08009efc       0x22 /opt/ST/STM32CubeCLT_1.19.0/GNU-tools-for-STM32/bin/../lib/gcc/arm-none-eabi/13.3.1/../../../../arm-none-eabi/lib/thumb/v7e-m+fp/hard/libg_nano.a(libc_a-stdio.o)
                0x08009efc                __sread
 .text.__swrite
                0x08009f1e       0x38 /opt/ST/STM32CubeCLT_1.19.0/GNU-tools-for-STM32/bin/../lib/gcc/arm-none-eabi/13.3.1/../../../../arm-none-eabi/lib/thumb/v7e-m+fp/hard/libg_nano.a(libc_a-stdio.o)
                0x08009f1e                __swrite
 .text.__sseek  0x08009f56       0x24 /opt/ST/STM32CubeCLT_1.19.0/GNU-tools-for-STM32/bin/../lib/gcc/arm-none-eabi/13.3.1/../../../../arm-none-eabi/lib/thumb/v7e-m+fp/hard/libg_nano.a(libc_a-stdio.o)
                0x08009f56                __sseek
 .text.__sclose
                0x08009f7a        0x8 /opt/ST/STM32CubeCLT_1.19.0/GNU-tools-for-STM32/bin/../lib/gcc/arm-none-eabi/13.3.1/../../../../arm-none-eabi/lib/thumb/v7e-m+fp/hard/libg_nano.a(libc_a-stdio.o)
                0x08009f7a                __sclose
 .text.__swbuf_r
                0x08009f82       0x7c /opt/ST/STM32CubeCLT_1.19.0/GNU-tools-for-STM32/bin/../lib/gcc/arm-none-eabi/13.3.1/../../../../arm-none-eabi/lib/thumb/v7e-m+fp/hard/libg_nano.a(libc_a-wbuf.o)
                0x08009f82                __swbuf_r
 *fill*         0x08009ffe        0x2 
 .text.__swsetup_r
                0x0800a000       0xac /opt/ST/STM32CubeCLT_1.19.0/GNU-tools-for-STM32/bin/../lib/gcc/arm-none-eabi/13.3.1/../../../../arm-none-eabi/lib/thumb/v7e-m+fp/hard/libg_nano.a(libc_a-wsetup.o)
                0x0800a000                __swsetup_r
 .text.__swhatbuf_r
                0x0800a0ac       0x4c /opt/ST/STM32CubeCLT_1.19.0/GNU-tools-for-STM32/bin/../lib/gcc/arm-none-eabi/13.3.1/../../../../arm-none-eabi/lib/thumb/v7e-m+fp/hard/libg_nano.a(libc_a-makebuf.o)
                0x0800a0ac                __swhatbuf_r
 .text.__smakebuf_r
                0x0800a0f8       0x78 /opt/ST/STM32CubeCLT_1.19.0/GNU-tools-for-STM32/bin/../lib/gcc/arm-none-eabi/13.3.1/../../../../arm-none-eabi/lib/thumb/v7e-m+fp/hard/libg_nano.a(libc_a-makebuf.o)
                0x0800a0f8                __smakebuf_r
 .text._isatty_r
                0x0800a170       0x20 /opt/ST/STM32CubeCLT_1.19.0/GNU-tools-for-STM32/bin/../lib/gcc/arm-none-eabi/13.3.1/../../../../arm-none-eabi/lib/thumb/v7e-m+fp/hard/libg_nano.a(libc_a-isattyr.o)
                0x0800a170                _isatty_r
 .text._lseek_r
                0x0800a190       0x24 /opt/ST/STM32CubeCLT_1.19.0/GNU-tools-for-STM32/bin/../lib/gcc/arm-none-eabi/13.3.1/../../../../arm-none-eabi/lib/thumb/v7e-m+fp/hard/libg_nano.a(libc_a-lseekr.o)
                0x0800a190                _lseek_r
 .text._read_r  0x0800a1b4       0x24 /opt/ST/STM32CubeCLT_1.19.0/GNU-tools-for-STM32/bin/../lib/gcc/arm-none-eabi/13.3.1/../../../../arm-none-eabi/lib/thumb/v7e-m+fp/hard/libg_nano.a(libc_a-readr.o)
                0x0800a1b4                _read_r
 .text._sbrk_r  0x0800a1d8       0x20 /opt/ST/STM32CubeCLT_1.19.0/GNU-tools-for-STM32/bin/../lib/gcc/arm-none-eabi/13.3.1/../../../../arm-none-eabi/lib/thumb/v7e-m+fp/hard/libg_nano.a(libc_a-sbrkr.o)
                0x0800a1d8                _sbrk_r
 .text._write_r
                0x0800a1f8       0x24 /opt/ST/STM32CubeCLT_1.19.0/GNU-tools-for-STM32/bin/../lib/gcc/arm-none-eabi/13.3.1/../../../../arm-none-eabi/lib/thumb/v7e-m+fp/hard/libg_nano.a(libc_a-writer.o)
                0x0800a1f8                _write_r
 .text._close_r
                0x0800a21c       0x20 /opt/ST/STM32CubeCLT_1.19.0/GNU-tools-for-STM32/bin/../lib/gcc/arm-none-eabi/13.3.1/../../../../arm-none-eabi/lib/thumb/v7e-m+fp/hard/libg_nano.a(libc_a-closer.o)
                0x0800a21c                _close_r
 .text._fstat_r
                0x0800a23c       0x24 /opt/ST/STM32CubeCLT_1.19.0/GNU-tools-for-STM32/bin/../lib/gcc/arm-none-eabi/13.3.1/../../../../arm-none-eabi/lib/thumb/v7e-m+fp/hard/libg_nano.a(libc_a-fstatr.o)
                0x0800a23c                _fstat_r
 .text._free_r  0x0800a260       0x94 /opt/ST/STM32CubeCLT_1.19.0/GNU-tools-for-STM32/bin/../lib/gcc/arm-none-eabi/13.3.1/../../../../arm-none-eabi/lib/thumb/v7e-m+fp/hard/libg_nano.a(libc_a-freer.o)
                0x0800a260                _free_r
 *(.glue_7)
 .glue_7        0x0800a2f4        0x0 linker stubs
 *(.glue_7t)
 .glue_7t       0x0800a2f4        0x0 linker stubs
 *(.eh_frame)
 .eh_frame      0x0800a2f4        0x0 /opt/ST/STM32CubeCLT_1.19.0/GNU-tools-for-STM32/bin/../lib/gcc/arm-none-eabi/13.3.1/thumb/v7e-m+fp/hard/crtbegin.o
 *(.init)
 .init          0x0800a2f4        0x4 /opt/ST/STM32CubeCLT_1.19.0/GNU-tools-for-STM32/bin/../lib/gcc/arm-none-eabi/13.3.1/thumb/v7e-m+fp/hard/crti.o
                0x0800a2f4                _init
 .init          0x0800a2f8        0x8 /opt/ST/STM32CubeCLT_1.19.0/GNU-tools-for-STM32/bin/../lib/gcc/arm-none-eabi/13.3.1/thumb/v7e-m+fp/hard/crtn.o
 *(.fini)
 .fini          0x0800a300        0x4 /opt/ST/STM32CubeCLT_1.19.0/GNU-tools-for-STM32/bin/../lib/gcc/arm-none-eabi/13.3.1/thumb/v7e-m+fp/hard/crti.o
                0x0800a300                _fini
 .fini          0x0800a304        0x8 /opt/ST/STM32CubeCLT_1.19.0/GNU-tools-for-STM32/bin/../lib/gcc/arm-none-eabi/13.3.1/thumb/v7e-m+fp/hard/crtn.o
                0x0800a30c                        . = ALIGN (0x4)
                0x0800a30c                        _etext = .

.vfp11_veneer   0x0800a30c        0x0
 .vfp11_veneer  0x0800a30c        0x0 linker stubs

.v4_bx          0x0800a30c        0x0
 .v4_bx         0x0800a30c        0x0 linker stubs

.iplt           0x0800a30c        0x0
 .iplt          0x0800a30c        0x0 /opt/ST/STM32CubeCLT_1.19.0/GNU-tools-for-STM32/bin/../lib/gcc/arm-none-eabi/13.3.1/thumb/v7e-m+fp/hard/crtbegin.o

.rodata         0x0800a30c       0xec
                0x0800a30c                        . = ALIGN (0x4)
 *(.rodata)
 .rodata        0x0800a30c       0x46 CMakeFiles/RadioBoard.dir/USB_Device/App/usbd_desc.c.obj
 *fill*         0x0800a352        0x2 
 .rodata        0x0800a354       0x1d CMakeFiles/RadioBoard.dir/Core/Src/main.c.obj
 *(.rodata*)
 *fill*         0x0800a371        0x3 
 .rodata.AHBPrescTable
                0x0800a374       0x10 cmake/stm32cubemx/CMakeFiles/STM32_Drivers.dir/__/__/Core/Src/system_stm32g4xx.c.obj
                0x0800a374                AHBPrescTable
 .rodata.APBPrescTable
                0x0800a384        0x8 cmake/stm32cubemx/CMakeFiles/STM32_Drivers.dir/__/__/Core/Src/system_stm32g4xx.c.obj
                0x0800a384                APBPrescTable
 .rodata.DLCtoBytes
                0x0800a38c       0x10 cmake/stm32cubemx/CMakeFiles/STM32_Drivers.dir/__/__/Drivers/STM32G4xx_HAL_Driver/Src/stm32g4xx_hal_fdcan.c.obj
 .rodata.UARTPrescTable
                0x0800a39c       0x18 cmake/stm32cubemx/CMakeFiles/STM32_Drivers.dir/__/__/Drivers/STM32G4xx_HAL_Driver/Src/stm32g4xx_hal_uart.c.obj
                0x0800a39c                UARTPrescTable
 .rodata.numerator.1
                0x0800a3b4        0x8 cmake/stm32cubemx/CMakeFiles/STM32_Drivers.dir/__/__/Drivers/STM32G4xx_HAL_Driver/Src/stm32g4xx_hal_uart_ex.c.obj
 .rodata.denominator.0
                0x0800a3bc        0x8 cmake/stm32cubemx/CMakeFiles/STM32_Drivers.dir/__/__/Drivers/STM32G4xx_HAL_Driver/Src/stm32g4xx_hal_uart_ex.c.obj
 .rodata._vfprintf_r.str1.1
                0x0800a3c4       0x33 /opt/ST/STM32CubeCLT_1.19.0/GNU-tools-for-STM32/bin/../lib/gcc/arm-none-eabi/13.3.1/../../../../arm-none-eabi/lib/thumb/v7e-m+fp/hard/libg_nano.a(libc_a-nano-vfprintf.o)
                                 0x11 (size before relaxing)
 .rodata._printf_i.str1.1
                0x0800a3f7       0x22 /opt/ST/STM32CubeCLT_1.19.0/GNU-tools-for-STM32/bin/../lib/gcc/arm-none-eabi/13.3.1/../../../../arm-none-eabi/lib/thumb/v7e-m+fp/hard/libg_nano.a(libc_a-nano-vfprintf_i.o)
                0x0800a41c                        . = ALIGN (0x4)
 *fill*         0x0800a3f7        0x1 

.ARM.extab      0x0800a3f8        0x0
                0x0800a3f8                        . = ALIGN (0x4)
 *(.ARM.extab* .gnu.linkonce.armextab.*)
                0x0800a3f8                        . = ALIGN (0x4)

.ARM            0x0800a3f8        0x8
                0x0800a3f8                        . = ALIGN (0x4)
                0x0800a3f8                        __exidx_start = .
 *(.ARM.exidx*)
 .ARM.exidx     0x0800a3f8        0x8 /opt/ST/STM32CubeCLT_1.19.0/GNU-tools-for-STM32/bin/../lib/gcc/arm-none-eabi/13.3.1/thumb/v7e-m+fp/hard/libgcc.a(_udivmoddi4.o)
 .ARM.exidx     0x0800a400        0x0 /opt/ST/STM32CubeCLT_1.19.0/GNU-tools-for-STM32/bin/../lib/gcc/arm-none-eabi/13.3.1/../../../../arm-none-eabi/lib/thumb/v7e-m+fp/hard/libg_nano.a(libc_a-memchr.o)
                                  0x8 (size before relaxing)
                0x0800a400                        __exidx_end = .
                0x0800a400                        . = ALIGN (0x4)

.preinit_array  0x0800a400        0x0
                0x0800a400                        . = ALIGN (0x4)
                0x0800a400                        PROVIDE (__preinit_array_start = .)
 *(.preinit_array*)
                0x0800a400                        PROVIDE (__preinit_array_end = .)
                0x0800a400                        . = ALIGN (0x4)

.init_array     0x0800a400        0x4
                0x0800a400                        . = ALIGN (0x4)
                0x0800a400                        PROVIDE (__init_array_start = .)
 *(SORT_BY_NAME(.init_array.*))
 *(.init_array*)
 .init_array    0x0800a400        0x4 /opt/ST/STM32CubeCLT_1.19.0/GNU-tools-for-STM32/bin/../lib/gcc/arm-none-eabi/13.3.1/thumb/v7e-m+fp/hard/crtbegin.o
                0x0800a404                        PROVIDE (__init_array_end = .)
                0x0800a404                        . = ALIGN (0x4)

.fini_array     0x0800a404        0x4
                0x0800a404                        . = ALIGN (0x4)
                [!provide]                        PROVIDE (__fini_array_start = .)
 *(SORT_BY_NAME(.fini_array.*))
 *(.fini_array*)
 .fini_array    0x0800a404        0x4 /opt/ST/STM32CubeCLT_1.19.0/GNU-tools-for-STM32/bin/../lib/gcc/arm-none-eabi/13.3.1/thumb/v7e-m+fp/hard/crtbegin.o
                [!provide]                        PROVIDE (__fini_array_end = .)
                0x0800a408                        . = ALIGN (0x4)
                0x0800a408                        _sidata = LOADADDR (.data)

.rel.dyn        0x0800a408        0x0
 .rel.iplt      0x0800a408        0x0 /opt/ST/STM32CubeCLT_1.19.0/GNU-tools-for-STM32/bin/../lib/gcc/arm-none-eabi/13.3.1/thumb/v7e-m+fp/hard/crtbegin.o

.data           0x20000000      0x1e0 load address 0x0800a408
                0x20000000                        . = ALIGN (0x4)
                0x20000000                        _sdata = .
 *(.data)
 *(.data*)
 .data.SystemCoreClock
                0x20000000        0x4 cmake/stm32cubemx/CMakeFiles/STM32_Drivers.dir/__/__/Core/Src/system_stm32g4xx.c.obj
                0x20000000                SystemCoreClock
 .data.uwTickPrio
                0x20000004        0x4 cmake/stm32cubemx/CMakeFiles/STM32_Drivers.dir/__/__/Drivers/STM32G4xx_HAL_Driver/Src/stm32g4xx_hal.c.obj
                0x20000004                uwTickPrio
 .data.uwTickFreq
                0x20000008        0x4 cmake/stm32cubemx/CMakeFiles/STM32_Drivers.dir/__/__/Drivers/STM32G4xx_HAL_Driver/Src/stm32g4xx_hal.c.obj
                0x20000008                uwTickFreq
 .data.USBD_CDC_DeviceQualifierDesc
                0x2000000c        0xa cmake/stm32cubemx/CMakeFiles/USB_Device_Library.dir/__/__/Middlewares/ST/STM32_USB_Device_Library/Class/CDC/Src/usbd_cdc.c.obj
 *fill*         0x20000016        0x2 
 .data.USBD_CDC
                0x20000018       0x38 cmake/stm32cubemx/CMakeFiles/USB_Device_Library.dir/__/__/Middlewares/ST/STM32_USB_Device_Library/Class/CDC/Src/usbd_cdc.c.obj
                0x20000018                USBD_CDC
 .data.USBD_CDC_CfgHSDesc
                0x20000050       0x43 cmake/stm32cubemx/CMakeFiles/USB_Device_Library.dir/__/__/Middlewares/ST/STM32_USB_Device_Library/Class/CDC/Src/usbd_cdc.c.obj
 *fill*         0x20000093        0x1 
 .data.USBD_CDC_CfgFSDesc
                0x20000094       0x43 cmake/stm32cubemx/CMakeFiles/USB_Device_Library.dir/__/__/Middlewares/ST/STM32_USB_Device_Library/Class/CDC/Src/usbd_cdc.c.obj
 *fill*         0x200000d7        0x1 
 .data.USBD_CDC_OtherSpeedCfgDesc
                0x200000d8       0x43 cmake/stm32cubemx/CMakeFiles/USB_Device_Library.dir/__/__/Middlewares/ST/STM32_USB_Device_Library/Class/CDC/Src/usbd_cdc.c.obj
 *fill*         0x2000011b        0x1 
 .data.CDC_Desc
                0x2000011c       0x20 CMakeFiles/RadioBoard.dir/USB_Device/App/usbd_desc.c.obj
                0x2000011c                CDC_Desc
 .data.USBD_CDC_DeviceDesc
                0x2000013c       0x12 CMakeFiles/RadioBoard.dir/USB_Device/App/usbd_desc.c.obj
                0x2000013c                USBD_CDC_DeviceDesc
 *fill*         0x2000014e        0x2 
 .data.USBD_LangIDDesc
                0x20000150        0x4 CMakeFiles/RadioBoard.dir/USB_Device/App/usbd_desc.c.obj
                0x20000150                USBD_LangIDDesc
 .data.USBD_StringSerial
                0x20000154       0x1a CMakeFiles/RadioBoard.dir/USB_Device/App/usbd_desc.c.obj
                0x20000154                USBD_StringSerial
 *fill*         0x2000016e        0x2 
 .data.USBD_Interface_fops_FS
                0x20000170       0x14 CMakeFiles/RadioBoard.dir/USB_Device/App/usbd_cdc_if.c.obj
                0x20000170                USBD_Interface_fops_FS
 .data.__sglue  0x20000184        0xc /opt/ST/STM32CubeCLT_1.19.0/GNU-tools-for-STM32/bin/../lib/gcc/arm-none-eabi/13.3.1/../../../../arm-none-eabi/lib/thumb/v7e-m+fp/hard/libg_nano.a(libc_a-findfp.o)
                0x20000184                __sglue
 .data._impure_ptr
                0x20000190        0x4 /opt/ST/STM32CubeCLT_1.19.0/GNU-tools-for-STM32/bin/../lib/gcc/arm-none-eabi/13.3.1/../../../../arm-none-eabi/lib/thumb/v7e-m+fp/hard/libg_nano.a(libc_a-impure.o)
                0x20000190                _impure_ptr
 .data._impure_data
                0x20000194       0x4c /opt/ST/STM32CubeCLT_1.19.0/GNU-tools-for-STM32/bin/../lib/gcc/arm-none-eabi/13.3.1/../../../../arm-none-eabi/lib/thumb/v7e-m+fp/hard/libg_nano.a(libc_a-impure.o)
                0x20000194                _impure_data
 *(.RamFunc)
 *(.RamFunc*)
                0x200001e0                        . = ALIGN (0x4)

.igot.plt       0x200001e0        0x0 load address 0x0800a5e8
 .igot.plt      0x200001e0        0x0 /opt/ST/STM32CubeCLT_1.19.0/GNU-tools-for-STM32/bin/../lib/gcc/arm-none-eabi/13.3.1/thumb/v7e-m+fp/hard/crtbegin.o

.tdata          0x200001e0        0x0 load address 0x0800a5e8
 *(.tdata .tdata.* .gnu.linkonce.td.*)
                0x200001e0                        . = ALIGN (0x4)
                0x200001e0                        _edata = .
                [!provide]                        PROVIDE (__data_end = .)
                [!provide]                        PROVIDE (__tdata_end = .)
                [!provide]                        PROVIDE (__tdata_start = ADDR (.tdata))
                [!provide]                        PROVIDE (__tdata_size = (__tdata_end - __tdata_start))
                [!provide]                        PROVIDE (__data_start = ADDR (.data))
                [!provide]                        PROVIDE (__data_size = (__data_end - __data_start))
                [!provide]                        PROVIDE (__tdata_source = LOADADDR (.tdata))
                [!provide]                        PROVIDE (__tdata_source_end = (LOADADDR (.tdata) + SIZEOF (.tdata)))
                [!provide]                        PROVIDE (__tdata_source_size = (__tdata_source_end - __tdata_source))
                [!provide]                        PROVIDE (__data_source = LOADADDR (.data))
                [!provide]                        PROVIDE (__data_source_end = __tdata_source_end)
                [!provide]                        PROVIDE (__data_source_size = (__data_source_end - __data_source))

.tbss           0x200001e0        0x0 load address 0x0800a5e8
                0x200001e0                        _sbss = .
                0x200001e0                        __bss_start__ = _sbss
 *(.tbss .tbss.*)
                0x200001e0                        . = ALIGN (0x4)
                [!provide]                        PROVIDE (__tbss_end = .)
                [!provide]                        PROVIDE (__tbss_start = ADDR (.tbss))
                [!provide]                        PROVIDE (__tbss_size = (__tbss_end - __tbss_start))
                [!provide]                        PROVIDE (__tbss_offset = (ADDR (.tbss) - ADDR (.tdata)))
                [!provide]                        PROVIDE (__tls_base = __tdata_start)
                [!provide]                        PROVIDE (__tls_end = __tbss_end)
                [!provide]                        PROVIDE (__tls_size = (__tls_end - __tls_base))
                [!provide]                        PROVIDE (__tls_align = MAX (ALIGNOF (.tdata), ALIGNOF (.tbss)))
                [!provide]                        PROVIDE (__tls_size_align = (((__tls_size + __tls_align) - 0x1) & ~ ((__tls_align - 0x1))))
                [!provide]                        PROVIDE (__arm32_tls_tcb_offset = MAX (0x8, __tls_align))
                [!provide]                        PROVIDE (__arm64_tls_tcb_offset = MAX (0x10, __tls_align))

.bss            0x200001e0     0x1c38 load address 0x0800a5e8
 *(.bss)
 .bss           0x200001e0       0x1c /opt/ST/STM32CubeCLT_1.19.0/GNU-tools-for-STM32/bin/../lib/gcc/arm-none-eabi/13.3.1/thumb/v7e-m+fp/hard/crtbegin.o
 *(.bss*)
 .bss.uwTick    0x200001fc        0x4 cmake/stm32cubemx/CMakeFiles/STM32_Drivers.dir/__/__/Drivers/STM32G4xx_HAL_Driver/Src/stm32g4xx_hal.c.obj
                0x200001fc                uwTick
 .bss.cfgidx.0  0x20000200        0x1 cmake/stm32cubemx/CMakeFiles/USB_Device_Library.dir/__/__/Middlewares/ST/STM32_USB_Device_Library/Core/Src/usbd_ctlreq.c.obj
 *fill*         0x20000201        0x3 
 .bss.hpcd_USB_FS
                0x20000204      0x2dc CMakeFiles/RadioBoard.dir/USB_Device/Target/usbd_conf.c.obj
                0x20000204                hpcd_USB_FS
 .bss.mem.0     0x200004e0      0x220 CMakeFiles/RadioBoard.dir/USB_Device/Target/usbd_conf.c.obj
 .bss.hUsbDeviceFS
                0x20000700      0x2d0 CMakeFiles/RadioBoard.dir/USB_Device/App/usb_device.c.obj
                0x20000700                hUsbDeviceFS
 .bss.USBD_StrDesc
                0x200009d0      0x200 CMakeFiles/RadioBoard.dir/USB_Device/App/usbd_desc.c.obj
                0x200009d0                USBD_StrDesc
 .bss.UserRxBufferFS
                0x20000bd0      0x800 CMakeFiles/RadioBoard.dir/USB_Device/App/usbd_cdc_if.c.obj
                0x20000bd0                UserRxBufferFS
 .bss.UserTxBufferFS
                0x200013d0      0x800 CMakeFiles/RadioBoard.dir/USB_Device/App/usbd_cdc_if.c.obj
                0x200013d0                UserTxBufferFS
 .bss.hfdcan2   0x20001bd0       0x64 CMakeFiles/RadioBoard.dir/Core/Src/main.c.obj
                0x20001bd0                hfdcan2
 .bss.huart1    0x20001c34       0x94 CMakeFiles/RadioBoard.dir/Core/Src/main.c.obj
                0x20001c34                huart1
 .bss.__sbrk_heap_end
                0x20001cc8        0x4 CMakeFiles/RadioBoard.dir/Core/Src/sysmem.c.obj
 .bss.__sf      0x20001ccc      0x138 /opt/ST/STM32CubeCLT_1.19.0/GNU-tools-for-STM32/bin/../lib/gcc/arm-none-eabi/13.3.1/../../../../arm-none-eabi/lib/thumb/v7e-m+fp/hard/libg_nano.a(libc_a-findfp.o)
                0x20001ccc                __sf
 .bss.__stdio_exit_handler
                0x20001e04        0x4 /opt/ST/STM32CubeCLT_1.19.0/GNU-tools-for-STM32/bin/../lib/gcc/arm-none-eabi/13.3.1/../../../../arm-none-eabi/lib/thumb/v7e-m+fp/hard/libg_nano.a(libc_a-findfp.o)
                0x20001e04                __stdio_exit_handler
 .bss.__lock___malloc_recursive_mutex
                0x20001e08        0x1 /opt/ST/STM32CubeCLT_1.19.0/GNU-tools-for-STM32/bin/../lib/gcc/arm-none-eabi/13.3.1/../../../../arm-none-eabi/lib/thumb/v7e-m+fp/hard/libg_nano.a(libc_a-lock.o)
                0x20001e08                __lock___malloc_recursive_mutex
 .bss.__lock___sfp_recursive_mutex
                0x20001e09        0x1 /opt/ST/STM32CubeCLT_1.19.0/GNU-tools-for-STM32/bin/../lib/gcc/arm-none-eabi/13.3.1/../../../../arm-none-eabi/lib/thumb/v7e-m+fp/hard/libg_nano.a(libc_a-lock.o)
                0x20001e09                __lock___sfp_recursive_mutex
 *fill*         0x20001e0a        0x2 
 .bss.__malloc_sbrk_start
                0x20001e0c        0x4 /opt/ST/STM32CubeCLT_1.19.0/GNU-tools-for-STM32/bin/../lib/gcc/arm-none-eabi/13.3.1/../../../../arm-none-eabi/lib/thumb/v7e-m+fp/hard/libg_nano.a(libc_a-mallocr.o)
                0x20001e0c                __malloc_sbrk_start
 .bss.__malloc_free_list
                0x20001e10        0x4 /opt/ST/STM32CubeCLT_1.19.0/GNU-tools-for-STM32/bin/../lib/gcc/arm-none-eabi/13.3.1/../../../../arm-none-eabi/lib/thumb/v7e-m+fp/hard/libg_nano.a(libc_a-mallocr.o)
                0x20001e10                __malloc_free_list
 .bss.errno     0x20001e14        0x4 /opt/ST/STM32CubeCLT_1.19.0/GNU-tools-for-STM32/bin/../lib/gcc/arm-none-eabi/13.3.1/../../../../arm-none-eabi/lib/thumb/v7e-m+fp/hard/libg_nano.a(libc_a-reent.o)
                0x20001e14                errno
 *(COMMON)
                0x20001e18                        . = ALIGN (0x4)
                0x20001e18                        _ebss = .
                0x20001e18                        __bss_end__ = _ebss
                [!provide]                        PROVIDE (__bss_end = .)
                [!provide]                        PROVIDE (__non_tls_bss_start = ADDR (.bss))
                [!provide]                        PROVIDE (__bss_start = __tbss_start)
                [!provide]                        PROVIDE (__bss_size = (__bss_end - __bss_start))

._user_heap_stack
                0x20001e18      0x600 load address 0x0800a5e8
                0x20001e18                        . = ALIGN (0x8)
                [!provide]                        PROVIDE (end = .)
                0x20001e18                        PROVIDE (_end = .)
                0x20002018                        . = (. + _Min_Heap_Size)
 *fill*         0x20001e18      0x200 
                0x20002418                        . = (. + _Min_Stack_Size)
 *fill*         0x20002018      0x400 
                0x20002418                        . = ALIGN (0x8)

/DISCARD/
 libc.a:*(*)
 libm.a:*(*)
 libgcc.a:*(*)
OUTPUT(RadioBoard.elf elf32-littlearm)
LOAD linker stubs

.ARM.attributes
                0x00000000       0x30
 .ARM.attributes
                0x00000000       0x22 /opt/ST/STM32CubeCLT_1.19.0/GNU-tools-for-STM32/bin/../lib/gcc/arm-none-eabi/13.3.1/thumb/v7e-m+fp/hard/crti.o
 .ARM.attributes
                0x00000022       0x34 /opt/ST/STM32CubeCLT_1.19.0/GNU-tools-for-STM32/bin/../lib/gcc/arm-none-eabi/13.3.1/thumb/v7e-m+fp/hard/crtbegin.o
 .ARM.attributes
                0x00000056       0x34 cmake/stm32cubemx/CMakeFiles/STM32_Drivers.dir/__/__/Core/Src/system_stm32g4xx.c.obj
 .ARM.attributes
                0x0000008a       0x34 cmake/stm32cubemx/CMakeFiles/STM32_Drivers.dir/__/__/Drivers/STM32G4xx_HAL_Driver/Src/stm32g4xx_hal_pcd.c.obj
 .ARM.attributes
                0x000000be       0x34 cmake/stm32cubemx/CMakeFiles/STM32_Drivers.dir/__/__/Drivers/STM32G4xx_HAL_Driver/Src/stm32g4xx_hal_pcd_ex.c.obj
 .ARM.attributes
                0x000000f2       0x34 cmake/stm32cubemx/CMakeFiles/STM32_Drivers.dir/__/__/Drivers/STM32G4xx_HAL_Driver/Src/stm32g4xx_ll_usb.c.obj
 .ARM.attributes
                0x00000126       0x34 cmake/stm32cubemx/CMakeFiles/STM32_Drivers.dir/__/__/Drivers/STM32G4xx_HAL_Driver/Src/stm32g4xx_hal.c.obj
 .ARM.attributes
                0x0000015a       0x34 cmake/stm32cubemx/CMakeFiles/STM32_Drivers.dir/__/__/Drivers/STM32G4xx_HAL_Driver/Src/stm32g4xx_hal_rcc.c.obj
 .ARM.attributes
                0x0000018e       0x34 cmake/stm32cubemx/CMakeFiles/STM32_Drivers.dir/__/__/Drivers/STM32G4xx_HAL_Driver/Src/stm32g4xx_hal_rcc_ex.c.obj
 .ARM.attributes
                0x000001c2       0x34 cmake/stm32cubemx/CMakeFiles/STM32_Drivers.dir/__/__/Drivers/STM32G4xx_HAL_Driver/Src/stm32g4xx_hal_gpio.c.obj
 .ARM.attributes
                0x000001f6       0x34 cmake/stm32cubemx/CMakeFiles/STM32_Drivers.dir/__/__/Drivers/STM32G4xx_HAL_Driver/Src/stm32g4xx_hal_pwr_ex.c.obj
 .ARM.attributes
                0x0000022a       0x34 cmake/stm32cubemx/CMakeFiles/STM32_Drivers.dir/__/__/Drivers/STM32G4xx_HAL_Driver/Src/stm32g4xx_hal_cortex.c.obj
 .ARM.attributes
                0x0000025e       0x34 cmake/stm32cubemx/CMakeFiles/STM32_Drivers.dir/__/__/Drivers/STM32G4xx_HAL_Driver/Src/stm32g4xx_hal_fdcan.c.obj
 .ARM.attributes
                0x00000292       0x34 cmake/stm32cubemx/CMakeFiles/STM32_Drivers.dir/__/__/Drivers/STM32G4xx_HAL_Driver/Src/stm32g4xx_hal_uart.c.obj
 .ARM.attributes
                0x000002c6       0x34 cmake/stm32cubemx/CMakeFiles/STM32_Drivers.dir/__/__/Drivers/STM32G4xx_HAL_Driver/Src/stm32g4xx_hal_uart_ex.c.obj
 .ARM.attributes
                0x000002fa       0x34 cmake/stm32cubemx/CMakeFiles/USB_Device_Library.dir/__/__/Middlewares/ST/STM32_USB_Device_Library/Core/Src/usbd_core.c.obj
 .ARM.attributes
                0x0000032e       0x34 cmake/stm32cubemx/CMakeFiles/USB_Device_Library.dir/__/__/Middlewares/ST/STM32_USB_Device_Library/Core/Src/usbd_ctlreq.c.obj
 .ARM.attributes
                0x00000362       0x34 cmake/stm32cubemx/CMakeFiles/USB_Device_Library.dir/__/__/Middlewares/ST/STM32_USB_Device_Library/Core/Src/usbd_ioreq.c.obj
 .ARM.attributes
                0x00000396       0x34 cmake/stm32cubemx/CMakeFiles/USB_Device_Library.dir/__/__/Middlewares/ST/STM32_USB_Device_Library/Class/CDC/Src/usbd_cdc.c.obj
 .ARM.attributes
                0x000003ca       0x34 CMakeFiles/RadioBoard.dir/USB_Device/Target/usbd_conf.c.obj
 .ARM.attributes
                0x000003fe       0x34 CMakeFiles/RadioBoard.dir/USB_Device/App/usb_device.c.obj
 .ARM.attributes
                0x00000432       0x34 CMakeFiles/RadioBoard.dir/USB_Device/App/usbd_desc.c.obj
 .ARM.attributes
                0x00000466       0x34 CMakeFiles/RadioBoard.dir/USB_Device/App/usbd_cdc_if.c.obj
 .ARM.attributes
                0x0000049a       0x34 CMakeFiles/RadioBoard.dir/Core/Src/main.c.obj
 .ARM.attributes
                0x000004ce       0x34 CMakeFiles/RadioBoard.dir/Core/Src/stm32g4xx_it.c.obj
 .ARM.attributes
                0x00000502       0x34 CMakeFiles/RadioBoard.dir/Core/Src/stm32g4xx_hal_msp.c.obj
 .ARM.attributes
                0x00000536       0x34 CMakeFiles/RadioBoard.dir/Core/Src/sysmem.c.obj
 .ARM.attributes
                0x0000056a       0x34 CMakeFiles/RadioBoard.dir/Core/Src/syscalls.c.obj
 .ARM.attributes
                0x0000059e       0x21 CMakeFiles/RadioBoard.dir/startup_stm32g491xx.s.obj
 .ARM.attributes
                0x000005bf       0x22 /opt/ST/STM32CubeCLT_1.19.0/GNU-tools-for-STM32/bin/../lib/gcc/arm-none-eabi/13.3.1/thumb/v7e-m+fp/hard/libgcc.a(_aeabi_uldivmod.o)
 .ARM.attributes
                0x000005e1       0x34 /opt/ST/STM32CubeCLT_1.19.0/GNU-tools-for-STM32/bin/../lib/gcc/arm-none-eabi/13.3.1/thumb/v7e-m+fp/hard/libgcc.a(_udivmoddi4.o)
 .ARM.attributes
                0x00000615       0x22 /opt/ST/STM32CubeCLT_1.19.0/GNU-tools-for-STM32/bin/../lib/gcc/arm-none-eabi/13.3.1/thumb/v7e-m+fp/hard/libgcc.a(_dvmd_tls.o)
 .ARM.attributes
                0x00000637       0x34 /opt/ST/STM32CubeCLT_1.19.0/GNU-tools-for-STM32/bin/../lib/gcc/arm-none-eabi/13.3.1/../../../../arm-none-eabi/lib/thumb/v7e-m+fp/hard/libg_nano.a(libc_a-findfp.o)
 .ARM.attributes
                0x0000066b       0x34 /opt/ST/STM32CubeCLT_1.19.0/GNU-tools-for-STM32/bin/../lib/gcc/arm-none-eabi/13.3.1/../../../../arm-none-eabi/lib/thumb/v7e-m+fp/hard/libg_nano.a(libc_a-fwalk.o)
 .ARM.attributes
                0x0000069f       0x34 /opt/ST/STM32CubeCLT_1.19.0/GNU-tools-for-STM32/bin/../lib/gcc/arm-none-eabi/13.3.1/../../../../arm-none-eabi/lib/thumb/v7e-m+fp/hard/libg_nano.a(libc_a-printf.o)
 .ARM.attributes
                0x000006d3       0x34 /opt/ST/STM32CubeCLT_1.19.0/GNU-tools-for-STM32/bin/../lib/gcc/arm-none-eabi/13.3.1/../../../../arm-none-eabi/lib/thumb/v7e-m+fp/hard/libg_nano.a(libc_a-memset.o)
 .ARM.attributes
                0x00000707       0x34 /opt/ST/STM32CubeCLT_1.19.0/GNU-tools-for-STM32/bin/../lib/gcc/arm-none-eabi/13.3.1/../../../../arm-none-eabi/lib/thumb/v7e-m+fp/hard/libg_nano.a(libc_a-errno.o)
 .ARM.attributes
                0x0000073b       0x34 /opt/ST/STM32CubeCLT_1.19.0/GNU-tools-for-STM32/bin/../lib/gcc/arm-none-eabi/13.3.1/../../../../arm-none-eabi/lib/thumb/v7e-m+fp/hard/libg_nano.a(libc_a-init.o)
 .ARM.attributes
                0x0000076f       0x34 /opt/ST/STM32CubeCLT_1.19.0/GNU-tools-for-STM32/bin/../lib/gcc/arm-none-eabi/13.3.1/../../../../arm-none-eabi/lib/thumb/v7e-m+fp/hard/libg_nano.a(libc_a-lock.o)
 .ARM.attributes
                0x000007a3       0x34 /opt/ST/STM32CubeCLT_1.19.0/GNU-tools-for-STM32/bin/../lib/gcc/arm-none-eabi/13.3.1/../../../../arm-none-eabi/lib/thumb/v7e-m+fp/hard/libg_nano.a(libc_a-impure.o)
 .ARM.attributes
                0x000007d7       0x34 /opt/ST/STM32CubeCLT_1.19.0/GNU-tools-for-STM32/bin/../lib/gcc/arm-none-eabi/13.3.1/../../../../arm-none-eabi/lib/thumb/v7e-m+fp/hard/libg_nano.a(libc_a-memcpy-stub.o)
 .ARM.attributes
                0x0000080b       0x34 /opt/ST/STM32CubeCLT_1.19.0/GNU-tools-for-STM32/bin/../lib/gcc/arm-none-eabi/13.3.1/../../../../arm-none-eabi/lib/thumb/v7e-m+fp/hard/libg_nano.a(libc_a-nano-vfprintf.o)
 .ARM.attributes
                0x0000083f       0x34 /opt/ST/STM32CubeCLT_1.19.0/GNU-tools-for-STM32/bin/../lib/gcc/arm-none-eabi/13.3.1/../../../../arm-none-eabi/lib/thumb/v7e-m+fp/hard/libg_nano.a(libc_a-mallocr.o)
 .ARM.attributes
                0x00000873       0x34 /opt/ST/STM32CubeCLT_1.19.0/GNU-tools-for-STM32/bin/../lib/gcc/arm-none-eabi/13.3.1/../../../../arm-none-eabi/lib/thumb/v7e-m+fp/hard/libg_nano.a(libc_a-nano-vfprintf_i.o)
 .ARM.attributes
                0x000008a7       0x34 /opt/ST/STM32CubeCLT_1.19.0/GNU-tools-for-STM32/bin/../lib/gcc/arm-none-eabi/13.3.1/../../../../arm-none-eabi/lib/thumb/v7e-m+fp/hard/libg_nano.a(libc_a-fflush.o)
 .ARM.attributes
                0x000008db       0x34 /opt/ST/STM32CubeCLT_1.19.0/GNU-tools-for-STM32/bin/../lib/gcc/arm-none-eabi/13.3.1/../../../../arm-none-eabi/lib/thumb/v7e-m+fp/hard/libg_nano.a(libc_a-mlock.o)
 .ARM.attributes
                0x0000090f       0x34 /opt/ST/STM32CubeCLT_1.19.0/GNU-tools-for-STM32/bin/../lib/gcc/arm-none-eabi/13.3.1/../../../../arm-none-eabi/lib/thumb/v7e-m+fp/hard/libg_nano.a(libc_a-stdio.o)
 .ARM.attributes
                0x00000943       0x34 /opt/ST/STM32CubeCLT_1.19.0/GNU-tools-for-STM32/bin/../lib/gcc/arm-none-eabi/13.3.1/../../../../arm-none-eabi/lib/thumb/v7e-m+fp/hard/libg_nano.a(libc_a-wbuf.o)
 .ARM.attributes
                0x00000977       0x34 /opt/ST/STM32CubeCLT_1.19.0/GNU-tools-for-STM32/bin/../lib/gcc/arm-none-eabi/13.3.1/../../../../arm-none-eabi/lib/thumb/v7e-m+fp/hard/libg_nano.a(libc_a-wsetup.o)
 .ARM.attributes
                0x000009ab       0x34 /opt/ST/STM32CubeCLT_1.19.0/GNU-tools-for-STM32/bin/../lib/gcc/arm-none-eabi/13.3.1/../../../../arm-none-eabi/lib/thumb/v7e-m+fp/hard/libg_nano.a(libc_a-makebuf.o)
 .ARM.attributes
                0x000009df       0x34 /opt/ST/STM32CubeCLT_1.19.0/GNU-tools-for-STM32/bin/../lib/gcc/arm-none-eabi/13.3.1/../../../../arm-none-eabi/lib/thumb/v7e-m+fp/hard/libg_nano.a(libc_a-isattyr.o)
 .ARM.attributes
                0x00000a13       0x34 /opt/ST/STM32CubeCLT_1.19.0/GNU-tools-for-STM32/bin/../lib/gcc/arm-none-eabi/13.3.1/../../../../arm-none-eabi/lib/thumb/v7e-m+fp/hard/libg_nano.a(libc_a-lseekr.o)
 .ARM.attributes
                0x00000a47       0x34 /opt/ST/STM32CubeCLT_1.19.0/GNU-tools-for-STM32/bin/../lib/gcc/arm-none-eabi/13.3.1/../../../../arm-none-eabi/lib/thumb/v7e-m+fp/hard/libg_nano.a(libc_a-readr.o)
 .ARM.attributes
                0x00000a7b       0x34 /opt/ST/STM32CubeCLT_1.19.0/GNU-tools-for-STM32/bin/../lib/gcc/arm-none-eabi/13.3.1/../../../../arm-none-eabi/lib/thumb/v7e-m+fp/hard/libg_nano.a(libc_a-sbrkr.o)
 .ARM.attributes
                0x00000aaf       0x34 /opt/ST/STM32CubeCLT_1.19.0/GNU-tools-for-STM32/bin/../lib/gcc/arm-none-eabi/13.3.1/../../../../arm-none-eabi/lib/thumb/v7e-m+fp/hard/libg_nano.a(libc_a-writer.o)
 .ARM.attributes
                0x00000ae3       0x34 /opt/ST/STM32CubeCLT_1.19.0/GNU-tools-for-STM32/bin/../lib/gcc/arm-none-eabi/13.3.1/../../../../arm-none-eabi/lib/thumb/v7e-m+fp/hard/libg_nano.a(libc_a-closer.o)
 .ARM.attributes
                0x00000b17       0x34 /opt/ST/STM32CubeCLT_1.19.0/GNU-tools-for-STM32/bin/../lib/gcc/arm-none-eabi/13.3.1/../../../../arm-none-eabi/lib/thumb/v7e-m+fp/hard/libg_nano.a(libc_a-reent.o)
 .ARM.attributes
                0x00000b4b       0x34 /opt/ST/STM32CubeCLT_1.19.0/GNU-tools-for-STM32/bin/../lib/gcc/arm-none-eabi/13.3.1/../../../../arm-none-eabi/lib/thumb/v7e-m+fp/hard/libg_nano.a(libc_a-fstatr.o)
 .ARM.attributes
                0x00000b7f       0x1c /opt/ST/STM32CubeCLT_1.19.0/GNU-tools-for-STM32/bin/../lib/gcc/arm-none-eabi/13.3.1/../../../../arm-none-eabi/lib/thumb/v7e-m+fp/hard/libg_nano.a(libc_a-memchr.o)
 .ARM.attributes
                0x00000b9b       0x34 /opt/ST/STM32CubeCLT_1.19.0/GNU-tools-for-STM32/bin/../lib/gcc/arm-none-eabi/13.3.1/../../../../arm-none-eabi/lib/thumb/v7e-m+fp/hard/libg_nano.a(libc_a-freer.o)
 .ARM.attributes
                0x00000bcf       0x22 /opt/ST/STM32CubeCLT_1.19.0/GNU-tools-for-STM32/bin/../lib/gcc/arm-none-eabi/13.3.1/thumb/v7e-m+fp/hard/crtn.o

.comment        0x00000000       0x43
 .comment       0x00000000       0x43 cmake/stm32cubemx/CMakeFiles/STM32_Drivers.dir/__/__/Core/Src/system_stm32g4xx.c.obj
                                 0x44 (size before relaxing)
 .comment       0x00000043       0x44 cmake/stm32cubemx/CMakeFiles/STM32_Drivers.dir/__/__/Drivers/STM32G4xx_HAL_Driver/Src/stm32g4xx_hal_pcd.c.obj
 .comment       0x00000043       0x44 cmake/stm32cubemx/CMakeFiles/STM32_Drivers.dir/__/__/Drivers/STM32G4xx_HAL_Driver/Src/stm32g4xx_hal_pcd_ex.c.obj
 .comment       0x00000043       0x44 cmake/stm32cubemx/CMakeFiles/STM32_Drivers.dir/__/__/Drivers/STM32G4xx_HAL_Driver/Src/stm32g4xx_ll_usb.c.obj
 .comment       0x00000043       0x44 cmake/stm32cubemx/CMakeFiles/STM32_Drivers.dir/__/__/Drivers/STM32G4xx_HAL_Driver/Src/stm32g4xx_hal.c.obj
 .comment       0x00000043       0x44 cmake/stm32cubemx/CMakeFiles/STM32_Drivers.dir/__/__/Drivers/STM32G4xx_HAL_Driver/Src/stm32g4xx_hal_rcc.c.obj
 .comment       0x00000043       0x44 cmake/stm32cubemx/CMakeFiles/STM32_Drivers.dir/__/__/Drivers/STM32G4xx_HAL_Driver/Src/stm32g4xx_hal_rcc_ex.c.obj
 .comment       0x00000043       0x44 cmake/stm32cubemx/CMakeFiles/STM32_Drivers.dir/__/__/Drivers/STM32G4xx_HAL_Driver/Src/stm32g4xx_hal_gpio.c.obj